21:12:48.648 [main] INFO org.springframework.test.context.support.AnnotationConfigContextLoaderUtils -- Could not detect default configuration classes for test class [com.admire.cars.runner.AuthIntegrationTest]: AuthIntegrationTest does not declare any static, non-private, non-final, nested classes annotated with @Configuration.
21:12:48.782 [main] INFO org.springframework.boot.test.context.SpringBootTestContextBootstrapper -- Found @SpringBootConfiguration com.admire.cars.runner.AdsRunnerApplication for test class com.admire.cars.runner.AuthIntegrationTest
21:12:48.903 [main] INFO org.springframework.test.context.support.AnnotationConfigContextLoaderUtils -- Could not detect default configuration classes for test class [com.admire.cars.runner.AuthIntegrationTest]: AuthIntegrationTest does not declare any static, non-private, non-final, nested classes annotated with @Configuration.
21:12:48.919 [main] INFO org.springframework.boot.test.context.SpringBootTestContextBootstrapper -- Found @SpringBootConfiguration com.admire.cars.runner.AdsRunnerApplication for test class com.admire.cars.runner.AuthIntegrationTest

  .   ____          _            __ _ _
 /\\ / ___'_ __ _ _(_)_ __  __ _ \ \ \ \
( ( )\___ | '_ | '_| | '_ \/ _` | \ \ \ \
 \\/  ___)| |_)| | | | | || (_| |  ) ) ) )
  '  |____| .__|_| |_|_| |_\__, | / / / /
 =========|_|==============|___/=/_/_/_/

 :: Spring Boot ::                (v4.1.0)

2026-07-09T21:12:49.511+08:00  INFO 6128 --- [           main] c.a.cars.runner.AuthIntegrationTest      : Starting AuthIntegrationTest using Java 17.0.18 with PID 6128 (started by Albert S Ai in C:\Users\Albert S Ai\Tech\resp\ads_runner)
2026-07-09T21:12:49.512+08:00 DEBUG 6128 --- [           main] c.a.cars.runner.AuthIntegrationTest      : Running with Spring Boot v4.1.0, Spring v7.0.8
2026-07-09T21:12:49.514+08:00  INFO 6128 --- [           main] c.a.cars.runner.AuthIntegrationTest      : No active profile set, falling back to 1 default profile: "default"
2026-07-09T21:12:52.504+08:00  INFO 6128 --- [           main] .s.d.r.c.RepositoryConfigurationDelegate : Bootstrapping Spring Data JPA repositories in DEFAULT mode.
2026-07-09T21:12:53.073+08:00  INFO 6128 --- [           main] .s.d.r.c.RepositoryConfigurationDelegate : Finished Spring Data repository scanning in 538 ms. Found 9 JPA repository interfaces.
2026-07-09T21:12:55.421+08:00  INFO 6128 --- [           main] o.s.boot.tomcat.TomcatWebServer          : Tomcat initialized with port 0 (http)
2026-07-09T21:12:55.473+08:00  INFO 6128 --- [           main] o.apache.catalina.core.StandardService   : Starting service [Tomcat]
2026-07-09T21:12:55.475+08:00  INFO 6128 --- [           main] o.apache.catalina.core.StandardEngine    : Starting Servlet engine: [Apache Tomcat/11.0.22]
2026-07-09T21:12:55.708+08:00  INFO 6128 --- [           main] b.w.c.s.WebApplicationContextInitializer : Root WebApplicationContext: initialization completed in 6135 ms
2026-07-09T21:12:57.562+08:00  INFO 6128 --- [           main] org.hibernate.orm.jpa                    : HHH008540: Processing PersistenceUnitInfo [name: default]
2026-07-09T21:12:57.740+08:00  INFO 6128 --- [           main] org.hibernate.orm.core                   : HHH000001: Hibernate ORM core version 7.4.1.Final
2026-07-09T21:12:59.283+08:00  INFO 6128 --- [           main] o.s.o.j.p.SpringPersistenceUnitInfo      : No LoadTimeWeaver setup: ignoring JPA class transformer
2026-07-09T21:12:59.404+08:00  INFO 6128 --- [           main] com.zaxxer.hikari.HikariDataSource       : HikariPool-1 - Starting...
2026-07-09T21:12:59.926+08:00  INFO 6128 --- [           main] com.zaxxer.hikari.pool.HikariPool        : HikariPool-1 - Added connection conn0: url=jdbc:h2:mem:testdb user=SA
2026-07-09T21:12:59.930+08:00  INFO 6128 --- [           main] com.zaxxer.hikari.HikariDataSource       : HikariPool-1 - Start completed.
2026-07-09T21:12:59.995+08:00  WARN 6128 --- [           main] org.hibernate.orm.deprecation            : HHH90000025: H2Dialect does not need to be specified explicitly using 'hibernate.dialect' (remove the property setting and it will be selected by default)
2026-07-09T21:13:00.055+08:00  INFO 6128 --- [           main] org.hibernate.orm.connections.pooling    : HHH10001005: Database info:
	Database JDBC URL [jdbc:h2:mem:testdb]
	Database driver: H2 JDBC Driver
	Database dialect: H2Dialect
	Database version: 2.4.240
	Default catalog/schema: TESTDB/PUBLIC
	Autocommit mode: undefined/unknown
	Isolation level: READ_COMMITTED [default READ_COMMITTED]
	JDBC fetch size: 100
	Pool: DataSourceConnectionProvider
	Minimum pool size: undefined/unknown
	Maximum pool size: undefined/unknown
2026-07-09T21:13:03.388+08:00  INFO 6128 --- [           main] org.hibernate.orm.core                   : HHH000489: No JTA platform available (set 'hibernate.transaction.jta.platform' to enable JTA platform integration)
2026-07-09T21:13:03.591+08:00  INFO 6128 --- [           main] j.LocalContainerEntityManagerFactoryBean : Initialized JPA EntityManagerFactory for persistence unit 'default'
2026-07-09T21:13:03.984+08:00  INFO 6128 --- [           main] o.s.d.j.r.query.QueryEnhancerFactories   : Hibernate is in classpath; If applicable, HQL parser will be used.
2026-07-09T21:13:05.205+08:00  INFO 6128 --- [           main] hedulerFactoryBean$LocalSchedulerFactory : Using default implementation for ThreadExecutor
2026-07-09T21:13:05.245+08:00  INFO 6128 --- [           main] org.quartz.core.SchedulerSignalerImpl    : Initialized Scheduler Signaller of type: class org.quartz.core.SchedulerSignalerImpl
2026-07-09T21:13:05.246+08:00  INFO 6128 --- [           main] org.quartz.core.QuartzScheduler          : Quartz Scheduler v2.5.2 created.
2026-07-09T21:13:05.249+08:00  INFO 6128 --- [           main] org.quartz.simpl.RAMJobStore             : RAMJobStore initialized.
2026-07-09T21:13:05.251+08:00  INFO 6128 --- [           main] org.quartz.core.QuartzScheduler          : Scheduler meta-data: Quartz Scheduler (v2.5.2) 'quartzScheduler' with instanceId 'NON_CLUSTERED'
  Scheduler class: 'org.quartz.core.QuartzScheduler' - running locally.
  NOT STARTED.
  Currently in standby mode.
  Number of jobs executed: 0
  Using thread pool 'org.quartz.simpl.SimpleThreadPool' - with 10 threads.
  Using job-store 'org.quartz.simpl.RAMJobStore' - which does not support persistence. and is not clustered.

2026-07-09T21:13:05.252+08:00  INFO 6128 --- [           main] hedulerFactoryBean$LocalSchedulerFactory : Quartz scheduler 'quartzScheduler' initialized from an externally provided properties instance.
2026-07-09T21:13:05.252+08:00  INFO 6128 --- [           main] hedulerFactoryBean$LocalSchedulerFactory : Quartz scheduler version: 2.5.2
2026-07-09T21:13:05.253+08:00  INFO 6128 --- [           main] org.quartz.core.QuartzScheduler          : JobFactory set to: org.springframework.scheduling.quartz.SpringBeanJobFactory@674cd2da
2026-07-09T21:13:06.430+08:00  WARN 6128 --- [           main] JpaBaseConfiguration$JpaWebConfiguration : spring.jpa.open-in-view is enabled by default. Therefore, database queries may be performed during view rendering. Explicitly configure spring.jpa.open-in-view to disable this warning
2026-07-09T21:13:07.507+08:00 DEBUG 6128 --- [           main] s.w.s.m.m.a.RequestMappingHandlerMapping : 52 mappings in 'requestMappingHandlerMapping'
2026-07-09T21:13:07.859+08:00 DEBUG 6128 --- [           main] o.s.w.s.handler.SimpleUrlHandlerMapping  : Patterns [/webjars/**, /**, /swagger-ui*/*swagger-initializer.js, /swagger-ui*/**] in 'resourceHandlerMapping'
2026-07-09T21:13:08.145+08:00 DEBUG 6128 --- [           main] s.w.s.m.m.a.RequestMappingHandlerAdapter : ControllerAdvice beans: 0 @ModelAttribute, 0 @InitBinder, 2 RequestBodyAdvice, 1 ResponseBodyAdvice
2026-07-09T21:13:08.497+08:00 DEBUG 6128 --- [           main] .m.m.a.ExceptionHandlerExceptionResolver : ControllerAdvice beans: 1 @ExceptionHandler, 1 ResponseBodyAdvice
2026-07-09T21:13:10.241+08:00  INFO 6128 --- [           main] o.s.boot.tomcat.TomcatWebServer          : Tomcat started on port 4767 (http) with context path '/'
2026-07-09T21:13:10.243+08:00  INFO 6128 --- [           main] o.s.s.quartz.SchedulerFactoryBean        : Starting Quartz Scheduler now
2026-07-09T21:13:10.244+08:00  INFO 6128 --- [           main] org.quartz.core.QuartzScheduler          : Scheduler quartzScheduler_$_NON_CLUSTERED started.
2026-07-09T21:13:10.254+08:00  INFO 6128 --- [           main] c.a.cars.runner.AuthIntegrationTest      : Started AuthIntegrationTest in 21.245 seconds (process running for 23.535)
./mvnw : Java HotSpot(TM) 64-Bit Server VM warning: Sharing is only supported for boot loader classes because bootstrap
 classpath has been appended
所在位置 行:1 字符: 291
+ ... Tech\resp\ads_runner" ; ./mvnw test -q 2>&1 > test_output.txt ; Selec ...
+                             ~~~~~~~~~~~~~~~~~~~~~~~~~~~~~~~~~~~~~
    + CategoryInfo          : NotSpecified: (Java HotSpot(TM...s been appended:String) [], RemoteException
    + FullyQualifiedErrorId : NativeCommandError
 
2026-07-09T21:13:11.620+08:00 DEBUG 6128 --- [           main] o.s.w.r.f.client.ExchangeFunctions       : [4d696bac] HTTP POST http://localhost:4767/api/users/register
2026-07-09T21:13:12.251+08:00 DEBUG 6128 --- [ctor-http-nio-2] org.springframework.web.HttpLogging      : [4d696bac] Encoding [com.admire.cars.runner.entity.User@1ec4b0c]
2026-07-09T21:13:12.438+08:00  INFO 6128 --- [o-auto-1-exec-1] o.a.c.c.C.[Tomcat].[localhost].[/]       : Initializing Spring DispatcherServlet 'dispatcherServlet'
2026-07-09T21:13:12.439+08:00  INFO 6128 --- [o-auto-1-exec-1] o.s.web.servlet.DispatcherServlet        : Initializing Servlet 'dispatcherServlet'
2026-07-09T21:13:12.439+08:00 DEBUG 6128 --- [o-auto-1-exec-1] o.s.web.servlet.DispatcherServlet        : Detected StandardServletMultipartResolver
2026-07-09T21:13:12.440+08:00 DEBUG 6128 --- [o-auto-1-exec-1] o.s.web.servlet.DispatcherServlet        : Detected AcceptHeaderLocaleResolver
2026-07-09T21:13:12.441+08:00 DEBUG 6128 --- [o-auto-1-exec-1] o.s.web.servlet.DispatcherServlet        : Detected org.springframework.web.servlet.view.DefaultRequestToViewNameTranslator@1bd98c48
2026-07-09T21:13:12.442+08:00 DEBUG 6128 --- [o-auto-1-exec-1] o.s.web.servlet.DispatcherServlet        : Detected org.springframework.web.servlet.support.SessionFlashMapManager@36a65069
2026-07-09T21:13:12.442+08:00 DEBUG 6128 --- [o-auto-1-exec-1] o.s.web.servlet.DispatcherServlet        : enableLoggingRequestDetails='false': request parameters and headers will be masked to prevent unsafe logging of potentially sensitive data
2026-07-09T21:13:12.443+08:00  INFO 6128 --- [o-auto-1-exec-1] o.s.web.servlet.DispatcherServlet        : Completed initialization in 3 ms
2026-07-09T21:13:12.454+08:00 DEBUG 6128 --- [o-auto-1-exec-1] o.s.web.servlet.DispatcherServlet        : POST "/api/users/register", parameters={}
2026-07-09T21:13:12.469+08:00 DEBUG 6128 --- [o-auto-1-exec-1] s.w.s.m.m.a.RequestMappingHandlerMapping : Mapped to com.admire.cars.runner.controller.UserController#registerUser(UserRequest)
2026-07-09T21:13:12.560+08:00 DEBUG 6128 --- [o-auto-1-exec-1] m.m.a.RequestResponseBodyMethodProcessor : Read "application/json;charset=UTF-8" to [com.admire.cars.runner.controller.UserController$UserRequest@3b570c17]
2026-07-09T21:13:13.809+08:00 DEBUG 6128 --- [o-auto-1-exec-1] o.s.w.s.m.m.a.HttpEntityMethodProcessor  : Using 'application/json', given [*/*] and supported [application/json, application/*+json, application/yaml]
2026-07-09T21:13:13.811+08:00 DEBUG 6128 --- [o-auto-1-exec-1] o.s.w.s.m.m.a.HttpEntityMethodProcessor  : Writing [{apiKey=8899000001, success=true, message=User registered successfully, userName=quartzowner, userId (truncated)...]
2026-07-09T21:13:13.841+08:00 DEBUG 6128 --- [o-auto-1-exec-1] o.s.web.servlet.DispatcherServlet        : Completed 201 CREATED
2026-07-09T21:13:13.887+08:00 DEBUG 6128 --- [ctor-http-nio-2] o.s.w.r.f.client.ExchangeFunctions       : [4d696bac] [1372461f-1] Response 201 CREATED
2026-07-09T21:13:13.909+08:00 DEBUG 6128 --- [           main] o.s.w.r.f.client.ExchangeFunctions       : [74e14434] HTTP POST http://localhost:4767/api/auth/login
2026-07-09T21:13:13.915+08:00 DEBUG 6128 --- [ctor-http-nio-2] org.springframework.web.HttpLogging      : [74e14434] Encoding [{password=pass123, username=quartzowner}]
2026-07-09T21:13:13.919+08:00 DEBUG 6128 --- [o-auto-1-exec-2] o.s.web.servlet.DispatcherServlet        : POST "/api/auth/login", parameters={}
2026-07-09T21:13:13.921+08:00 DEBUG 6128 --- [o-auto-1-exec-2] s.w.s.m.m.a.RequestMappingHandlerMapping : Mapped to com.admire.cars.runner.controller.AuthController#login(LoginRequest)
2026-07-09T21:13:13.926+08:00 DEBUG 6128 --- [o-auto-1-exec-2] m.m.a.RequestResponseBodyMethodProcessor : Read "application/json;charset=UTF-8" to [com.admire.cars.runner.controller.AuthController$LoginRequest@33707404]
2026-07-09T21:13:14.271+08:00 DEBUG 6128 --- [o-auto-1-exec-2] o.s.w.s.m.m.a.HttpEntityMethodProcessor  : Using 'application/json', given [*/*] and supported [application/json, application/*+json, application/yaml]
2026-07-09T21:13:14.278+08:00 DEBUG 6128 --- [o-auto-1-exec-2] o.s.w.s.m.m.a.HttpEntityMethodProcessor  : Writing [LoginResponse[amToken=eyJhbGciOiJIUzI1NiJ9.eyJzdWIiOiI4ODk5MDAwMDAxIiwiaWF0IjoxNzgzNjAyNzkzLCJwIjoiO (truncated)...]
2026-07-09T21:13:14.298+08:00 DEBUG 6128 --- [o-auto-1-exec-2] o.s.web.servlet.DispatcherServlet        : Completed 200 OK
2026-07-09T21:13:14.299+08:00 DEBUG 6128 --- [ctor-http-nio-2] o.s.w.r.f.client.ExchangeFunctions       : [74e14434] [1372461f-2] Response 200 OK
2026-07-09T21:13:14.352+08:00 DEBUG 6128 --- [ctor-http-nio-2] org.springframework.web.HttpLogging      : [74e14434] [1372461f-2] Decoded [{amToken=eyJhbGciOiJIUzI1NiJ9.eyJzdWIiOiI4ODk5MDAwMDAxIiwiaWF0IjoxNzgzNjAyNzkzLCJwIjoiOWI4NzY5YTRhNz (truncated)...]
2026-07-09T21:13:14.359+08:00 DEBUG 6128 --- [           main] o.s.w.r.f.client.ExchangeFunctions       : [93d6f4] HTTP POST http://localhost:4767/api/platforms
2026-07-09T21:13:14.362+08:00 DEBUG 6128 --- [ctor-http-nio-2] org.springframework.web.HttpLogging      : [93d6f4] Encoding [{remarks=Quartz platform, platformName=Quartz Normal}]
2026-07-09T21:13:14.367+08:00 DEBUG 6128 --- [o-auto-1-exec-3] o.s.web.servlet.DispatcherServlet        : POST "/api/platforms", parameters={}
2026-07-09T21:13:14.368+08:00 DEBUG 6128 --- [o-auto-1-exec-3] s.w.s.m.m.a.RequestMappingHandlerMapping : Mapped to com.admire.cars.runner.controller.AdsPlatformController#create(AdsPlatform)
2026-07-09T21:13:14.623+08:00 DEBUG 6128 --- [o-auto-1-exec-3] m.m.a.RequestResponseBodyMethodProcessor : Read "application/json;charset=UTF-8" to [com.admire.cars.runner.entity.AdsPlatform@41e063bb]
2026-07-09T21:13:14.719+08:00 DEBUG 6128 --- [o-auto-1-exec-3] o.s.w.s.m.m.a.HttpEntityMethodProcessor  : Using 'application/json', given [*/*] and supported [application/json, application/*+json, application/yaml]
2026-07-09T21:13:14.721+08:00 DEBUG 6128 --- [o-auto-1-exec-3] o.s.w.s.m.m.a.HttpEntityMethodProcessor  : Writing [{data=com.admire.cars.runner.entity.AdsPlatform@41e063bb, success=true, id=1, message=ADS_PLATFORM c (truncated)...]
2026-07-09T21:13:14.726+08:00 DEBUG 6128 --- [o-auto-1-exec-3] o.s.web.servlet.DispatcherServlet        : Completed 201 CREATED
2026-07-09T21:13:14.728+08:00 DEBUG 6128 --- [ctor-http-nio-2] o.s.w.r.f.client.ExchangeFunctions       : [93d6f4] [1372461f-3] Response 201 CREATED
2026-07-09T21:13:14.730+08:00 DEBUG 6128 --- [           main] o.s.w.r.f.client.ExchangeFunctions       : [5a880dbe] HTTP POST http://localhost:4767/api/normal-ads
2026-07-09T21:13:14.734+08:00 DEBUG 6128 --- [ctor-http-nio-4] org.springframework.web.HttpLogging      : [5a880dbe] Encoding [{platformName=Quartz Normal, campainCountry=US, campainName=Quartz Normal Campaign, intervalTime=5,  (truncated)...]
2026-07-09T21:13:14.762+08:00 DEBUG 6128 --- [o-auto-1-exec-4] o.s.web.servlet.DispatcherServlet        : POST "/api/normal-ads", parameters={}
2026-07-09T21:13:14.763+08:00 DEBUG 6128 --- [o-auto-1-exec-4] s.w.s.m.m.a.RequestMappingHandlerMapping : Mapped to com.admire.cars.runner.controller.AdsNormalInfoController#create(AdsNormalInfo, HttpServletRequest)
2026-07-09T21:13:14.934+08:00 DEBUG 6128 --- [o-auto-1-exec-4] m.m.a.RequestResponseBodyMethodProcessor : Read "application/json;charset=UTF-8" to [com.admire.cars.runner.entity.AdsNormalInfo@44ab791e]
2026-07-09T21:13:15.012+08:00 DEBUG 6128 --- [o-auto-1-exec-4] o.s.w.s.m.m.a.HttpEntityMethodProcessor  : Using 'application/json', given [*/*] and supported [application/json, application/*+json, application/yaml]
2026-07-09T21:13:15.014+08:00 DEBUG 6128 --- [o-auto-1-exec-4] o.s.w.s.m.m.a.HttpEntityMethodProcessor  : Writing [{data=com.admire.cars.runner.entity.AdsNormalInfo@44ab791e, success=true, id=1, message=ADS_NORMAL_I (truncated)...]
2026-07-09T21:13:15.029+08:00 DEBUG 6128 --- [ctor-http-nio-4] o.s.w.r.f.client.ExchangeFunctions       : [5a880dbe] [57bbb415-1] Response 201 CREATED
2026-07-09T21:13:15.029+08:00 DEBUG 6128 --- [o-auto-1-exec-4] o.s.web.servlet.DispatcherServlet        : Completed 201 CREATED
2026-07-09T21:13:15.035+08:00 DEBUG 6128 --- [ctor-http-nio-4] org.springframework.web.HttpLogging      : [5a880dbe] [57bbb415-1] Decoded [{data={id=1, campainName=Quartz Normal Campaign, campainCountry=US, platformName=Quartz Normal, affi (truncated)...]
2026-07-09T21:13:15.038+08:00 DEBUG 6128 --- [           main] o.s.w.r.f.client.ExchangeFunctions       : [318856a5] HTTP POST http://localhost:4767/api/matrix-ads
2026-07-09T21:13:15.042+08:00 DEBUG 6128 --- [ctor-http-nio-4] org.springframework.web.HttpLogging      : [318856a5] Encoding [{adsOwner=8899000001, intervalTime=7, campainCountry=US, campainName=Quartz Matrix Campaign}]
2026-07-09T21:13:15.046+08:00 DEBUG 6128 --- [o-auto-1-exec-5] o.s.web.servlet.DispatcherServlet        : POST "/api/matrix-ads", parameters={}
2026-07-09T21:13:15.047+08:00 DEBUG 6128 --- [o-auto-1-exec-5] s.w.s.m.m.a.RequestMappingHandlerMapping : Mapped to com.admire.cars.runner.controller.AdsMatrixInfoController#create(AdsMatrixInfo, HttpServletRequest)
2026-07-09T21:13:15.083+08:00  INFO 6128 --- [ads-auto-task-1] c.a.c.r.s.AdsAutoTaskSchedulerService    : AUTO_JOB_SCHEDULED jobGroup=8899000001-Normal jobId=ads-task-1 intervalMinutes=5 adsType=Normal nextFireTime=Thu Jul 09 21:18:15 CST 2026 finalFireTime=null
2026-07-09T21:13:15.085+08:00 DEBUG 6128 --- [o-auto-1-exec-5] m.m.a.RequestResponseBodyMethodProcessor : Read "application/json;charset=UTF-8" to [com.admire.cars.runner.entity.AdsMatrixInfo@6dfeef12]
2026-07-09T21:13:15.098+08:00  INFO 6128 --- [eduler_Worker-1] c.admire.cars.runner.job.AdsAutoTaskJob  : AUTO_JOB_START jobGroup=8899000001-Normal jobId=ads-task-1 start=2026-07-09T13:13:15.098766600Z adsType=Normal adsOwner=8899000001 adsId=1
2026-07-09T21:13:15.100+08:00  INFO 6128 --- [eduler_Worker-1] c.admire.cars.runner.job.AdsAutoTaskJob  : AUTO_JOB_END jobGroup=8899000001-Normal jobId=ads-task-1 end=2026-07-09T13:13:15.100045900Z
2026-07-09T21:13:15.150+08:00 DEBUG 6128 --- [o-auto-1-exec-5] o.s.w.s.m.m.a.HttpEntityMethodProcessor  : Using 'application/json', given [*/*] and supported [application/json, application/*+json, application/yaml]
2026-07-09T21:13:15.151+08:00 DEBUG 6128 --- [o-auto-1-exec-5] o.s.w.s.m.m.a.HttpEntityMethodProcessor  : Writing [{data=com.admire.cars.runner.entity.AdsMatrixInfo@6dfeef12, success=true, id=1, message=ADS_MATRIX_I (truncated)...]
2026-07-09T21:13:15.151+08:00  INFO 6128 --- [ads-auto-task-2] c.a.c.r.s.AdsAutoTaskSchedulerService    : AUTO_JOB_SCHEDULED jobGroup=8899000001-Matrix jobId=ads-task-1 intervalMinutes=7 adsType=Matrix nextFireTime=Thu Jul 09 21:13:15 CST 2026 finalFireTime=null
2026-07-09T21:13:15.153+08:00  INFO 6128 --- [eduler_Worker-2] c.admire.cars.runner.job.AdsAutoTaskJob  : AUTO_JOB_START jobGroup=8899000001-Matrix jobId=ads-task-1 start=2026-07-09T13:13:15.153196300Z adsType=Matrix adsOwner=8899000001 adsId=1
2026-07-09T21:13:15.155+08:00  INFO 6128 --- [eduler_Worker-2] c.admire.cars.runner.job.AdsAutoTaskJob  : AUTO_JOB_END jobGroup=8899000001-Matrix jobId=ads-task-1 end=2026-07-09T13:13:15.154716500Z
2026-07-09T21:13:15.184+08:00 DEBUG 6128 --- [ctor-http-nio-4] o.s.w.r.f.client.ExchangeFunctions       : [318856a5] [57bbb415-2] Response 201 CREATED
2026-07-09T21:13:15.188+08:00 DEBUG 6128 --- [o-auto-1-exec-5] o.s.web.servlet.DispatcherServlet        : Completed 201 CREATED
2026-07-09T21:13:15.190+08:00 DEBUG 6128 --- [ctor-http-nio-4] org.springframework.web.HttpLogging      : [318856a5] [57bbb415-2] Decoded [{data={id=1, campainName=Quartz Matrix Campaign, campainCountry=US, landingPageUrl=null, dynamicProx (truncated)...]
2026-07-09T21:13:15.195+08:00 DEBUG 6128 --- [           main] o.s.w.r.f.client.ExchangeFunctions       : [69a0e285] HTTP PUT http://localhost:4767/api/normal-ads/1
2026-07-09T21:13:15.198+08:00 DEBUG 6128 --- [ctor-http-nio-4] org.springframework.web.HttpLogging      : [69a0e285] Encoding [{status=PAUSED}]
2026-07-09T21:13:15.210+08:00 DEBUG 6128 --- [o-auto-1-exec-6] o.s.web.servlet.DispatcherServlet        : PUT "/api/normal-ads/1", parameters={}
2026-07-09T21:13:15.211+08:00 DEBUG 6128 --- [o-auto-1-exec-6] s.w.s.m.m.a.RequestMappingHandlerMapping : Mapped to com.admire.cars.runner.controller.AdsNormalInfoController#update(Long, AdsNormalInfo, HttpServletRequest)
2026-07-09T21:13:15.219+08:00 DEBUG 6128 --- [o-auto-1-exec-6] m.m.a.RequestResponseBodyMethodProcessor : Read "application/json;charset=UTF-8" to [com.admire.cars.runner.entity.AdsNormalInfo@1847510a]
2026-07-09T21:13:15.274+08:00  INFO 6128 --- [ads-auto-task-1] c.a.c.r.s.AdsAutoTaskSchedulerService    : AUTO_JOB_SCHEDULED jobGroup=8899000001-Normal jobId=ads-task-1 intervalMinutes=5 adsType=Normal nextFireTime=Thu Jul 09 21:18:15 CST 2026 finalFireTime=null
2026-07-09T21:13:15.275+08:00  INFO 6128 --- [ads-auto-task-1] c.a.c.r.s.AdsAutoTaskSchedulerService    : AUTO_JOB_PAUSED jobGroup=8899000001-Normal jobId=ads-task-1
2026-07-09T21:13:15.276+08:00  INFO 6128 --- [eduler_Worker-3] c.admire.cars.runner.job.AdsAutoTaskJob  : AUTO_JOB_START jobGroup=8899000001-Normal jobId=ads-task-1 start=2026-07-09T13:13:15.276244Z adsType=Normal adsOwner=8899000001 adsId=1
2026-07-09T21:13:15.276+08:00  INFO 6128 --- [eduler_Worker-3] c.admire.cars.runner.job.AdsAutoTaskJob  : AUTO_JOB_END jobGroup=8899000001-Normal jobId=ads-task-1 end=2026-07-09T13:13:15.276244Z
2026-07-09T21:13:15.276+08:00 DEBUG 6128 --- [o-auto-1-exec-6] o.s.w.s.m.m.a.HttpEntityMethodProcessor  : Using 'application/json', given [*/*] and supported [application/json, application/*+json, application/yaml]
2026-07-09T21:13:15.277+08:00 DEBUG 6128 --- [o-auto-1-exec-6] o.s.w.s.m.m.a.HttpEntityMethodProcessor  : Writing [{data=com.admire.cars.runner.entity.AdsNormalInfo@21cf7c5c, success=true, message=ADS_NORMAL_INFO up (truncated)...]
2026-07-09T21:13:15.283+08:00 DEBUG 6128 --- [o-auto-1-exec-6] o.s.web.servlet.DispatcherServlet        : Completed 200 OK
2026-07-09T21:13:15.283+08:00 DEBUG 6128 --- [ctor-http-nio-4] o.s.w.r.f.client.ExchangeFunctions       : [69a0e285] [57bbb415-3] Response 200 OK
2026-07-09T21:13:15.295+08:00 DEBUG 6128 --- [           main] o.s.w.r.f.client.ExchangeFunctions       : [12fb37b2] HTTP PUT http://localhost:4767/api/normal-ads/1
2026-07-09T21:13:15.300+08:00 DEBUG 6128 --- [ctor-http-nio-6] org.springframework.web.HttpLogging      : [12fb37b2] Encoding [{status=RUNNING}]
2026-07-09T21:13:15.304+08:00 DEBUG 6128 --- [o-auto-1-exec-7] o.s.web.servlet.DispatcherServlet        : PUT "/api/normal-ads/1", parameters={}
2026-07-09T21:13:15.305+08:00 DEBUG 6128 --- [o-auto-1-exec-7] s.w.s.m.m.a.RequestMappingHandlerMapping : Mapped to com.admire.cars.runner.controller.AdsNormalInfoController#update(Long, AdsNormalInfo, HttpServletRequest)
2026-07-09T21:13:15.310+08:00 DEBUG 6128 --- [o-auto-1-exec-7] m.m.a.RequestResponseBodyMethodProcessor : Read "application/json;charset=UTF-8" to [com.admire.cars.runner.entity.AdsNormalInfo@188c1f10]
2026-07-09T21:13:15.326+08:00 DEBUG 6128 --- [o-auto-1-exec-7] o.s.w.s.m.m.a.HttpEntityMethodProcessor  : Using 'application/json', given [*/*] and supported [application/json, application/*+json, application/yaml]
2026-07-09T21:13:15.326+08:00  INFO 6128 --- [ads-auto-task-2] c.a.c.r.s.AdsAutoTaskSchedulerService    : AUTO_JOB_SCHEDULED jobGroup=8899000001-Normal jobId=ads-task-1 intervalMinutes=5 adsType=Normal nextFireTime=Thu Jul 09 21:18:15 CST 2026 finalFireTime=null
2026-07-09T21:13:15.327+08:00 DEBUG 6128 --- [o-auto-1-exec-7] o.s.w.s.m.m.a.HttpEntityMethodProcessor  : Writing [{data=com.admire.cars.runner.entity.AdsNormalInfo@af1bc5, success=true, message=ADS_NORMAL_INFO upda (truncated)...]
2026-07-09T21:13:15.327+08:00  INFO 6128 --- [eduler_Worker-4] c.admire.cars.runner.job.AdsAutoTaskJob  : AUTO_JOB_START jobGroup=8899000001-Normal jobId=ads-task-1 start=2026-07-09T13:13:15.327521100Z adsType=Normal adsOwner=8899000001 adsId=1
2026-07-09T21:13:15.328+08:00  INFO 6128 --- [eduler_Worker-4] c.admire.cars.runner.job.AdsAutoTaskJob  : AUTO_JOB_END jobGroup=8899000001-Normal jobId=ads-task-1 end=2026-07-09T13:13:15.328013200Z
2026-07-09T21:13:15.329+08:00 DEBUG 6128 --- [o-auto-1-exec-7] o.s.web.servlet.DispatcherServlet        : Completed 200 OK
2026-07-09T21:13:15.329+08:00 DEBUG 6128 --- [ctor-http-nio-6] o.s.w.r.f.client.ExchangeFunctions       : [12fb37b2] [f5c73a20-1] Response 200 OK
2026-07-09T21:13:15.330+08:00 DEBUG 6128 --- [           main] o.s.w.r.f.client.ExchangeFunctions       : [64898aa7] HTTP DELETE http://localhost:4767/api/normal-ads/1
2026-07-09T21:13:15.340+08:00 DEBUG 6128 --- [o-auto-1-exec-8] o.s.web.servlet.DispatcherServlet        : DELETE "/api/normal-ads/1", parameters={}
2026-07-09T21:13:15.341+08:00 DEBUG 6128 --- [o-auto-1-exec-8] s.w.s.m.m.a.RequestMappingHandlerMapping : Mapped to com.admire.cars.runner.controller.AdsNormalInfoController#delete(Long)
2026-07-09T21:13:15.368+08:00  INFO 6128 --- [ads-auto-task-1] c.a.c.r.s.AdsAutoTaskSchedulerService    : AUTO_JOB_DELETED jobGroup=8899000001-Normal jobId=ads-task-1 groupEmpty=true
2026-07-09T21:13:15.369+08:00 DEBUG 6128 --- [o-auto-1-exec-8] o.s.w.s.m.m.a.HttpEntityMethodProcessor  : Using 'application/json', given [*/*] and supported [application/json, application/*+json, application/yaml]
2026-07-09T21:13:15.370+08:00 DEBUG 6128 --- [o-auto-1-exec-8] o.s.w.s.m.m.a.HttpEntityMethodProcessor  : Writing [{success=true, message=ADS_NORMAL_INFO deleted successfully}]
2026-07-09T21:13:15.373+08:00 DEBUG 6128 --- [o-auto-1-exec-8] o.s.web.servlet.DispatcherServlet        : Completed 200 OK
2026-07-09T21:13:15.373+08:00 DEBUG 6128 --- [ctor-http-nio-8] o.s.w.r.f.client.ExchangeFunctions       : [64898aa7] [3dd5743a-1] Response 200 OK
2026-07-09T21:13:15.390+08:00 DEBUG 6128 --- [           main] o.s.w.r.f.client.ExchangeFunctions       : [721fc0bb] HTTP POST http://localhost:4767/api/users/register
2026-07-09T21:13:15.394+08:00 DEBUG 6128 --- [tor-http-nio-10] org.springframework.web.HttpLogging      : [721fc0bb] Encoding [com.admire.cars.runner.entity.User@59ed6aa1]
2026-07-09T21:13:15.396+08:00 DEBUG 6128 --- [o-auto-1-exec-9] o.s.web.servlet.DispatcherServlet        : POST "/api/users/register", parameters={}
2026-07-09T21:13:15.397+08:00 DEBUG 6128 --- [o-auto-1-exec-9] s.w.s.m.m.a.RequestMappingHandlerMapping : Mapped to com.admire.cars.runner.controller.UserController#registerUser(UserRequest)
2026-07-09T21:13:15.399+08:00 DEBUG 6128 --- [o-auto-1-exec-9] m.m.a.RequestResponseBodyMethodProcessor : Read "application/json;charset=UTF-8" to [com.admire.cars.runner.controller.UserController$UserRequest@8d4cfe8]
2026-07-09T21:13:15.415+08:00 DEBUG 6128 --- [o-auto-1-exec-9] o.s.w.s.m.m.a.HttpEntityMethodProcessor  : Using 'application/json', given [*/*] and supported [application/json, application/*+json, application/yaml]
2026-07-09T21:13:15.416+08:00 DEBUG 6128 --- [o-auto-1-exec-9] o.s.w.s.m.m.a.HttpEntityMethodProcessor  : Writing [{apiKey=1111222233, success=true, message=User registered successfully, userName=profileuser, userId (truncated)...]
2026-07-09T21:13:15.417+08:00 DEBUG 6128 --- [o-auto-1-exec-9] o.s.web.servlet.DispatcherServlet        : Completed 201 CREATED
2026-07-09T21:13:15.418+08:00 DEBUG 6128 --- [tor-http-nio-10] o.s.w.r.f.client.ExchangeFunctions       : [721fc0bb] [e36bae91-1] Response 201 CREATED
2026-07-09T21:13:15.431+08:00 DEBUG 6128 --- [           main] o.s.w.r.f.client.ExchangeFunctions       : [be1c8aa] HTTP POST http://localhost:4767/api/auth/login
2026-07-09T21:13:15.436+08:00 DEBUG 6128 --- [tor-http-nio-12] org.springframework.web.HttpLogging      : [be1c8aa] Encoding [{password=pass123, username=profileuser}]
2026-07-09T21:13:15.440+08:00 DEBUG 6128 --- [-auto-1-exec-10] o.s.web.servlet.DispatcherServlet        : POST "/api/auth/login", parameters={}
2026-07-09T21:13:15.441+08:00 DEBUG 6128 --- [-auto-1-exec-10] s.w.s.m.m.a.RequestMappingHandlerMapping : Mapped to com.admire.cars.runner.controller.AuthController#login(LoginRequest)
2026-07-09T21:13:15.443+08:00 DEBUG 6128 --- [-auto-1-exec-10] m.m.a.RequestResponseBodyMethodProcessor : Read "application/json;charset=UTF-8" to [com.admire.cars.runner.controller.AuthController$LoginRequest@4b40fca]
2026-07-09T21:13:15.452+08:00 DEBUG 6128 --- [-auto-1-exec-10] o.s.w.s.m.m.a.HttpEntityMethodProcessor  : Using 'application/json', given [*/*] and supported [application/json, application/*+json, application/yaml]
2026-07-09T21:13:15.452+08:00 DEBUG 6128 --- [-auto-1-exec-10] o.s.w.s.m.m.a.HttpEntityMethodProcessor  : Writing [LoginResponse[amToken=eyJhbGciOiJIUzI1NiJ9.eyJzdWIiOiIxMTExMjIyMjMzIiwiaWF0IjoxNzgzNjAyNzk1LCJwIjoiO (truncated)...]
2026-07-09T21:13:15.454+08:00 DEBUG 6128 --- [-auto-1-exec-10] o.s.web.servlet.DispatcherServlet        : Completed 200 OK
2026-07-09T21:13:15.455+08:00 DEBUG 6128 --- [tor-http-nio-12] o.s.w.r.f.client.ExchangeFunctions       : [be1c8aa] [6a82e049-1] Response 200 OK
2026-07-09T21:13:15.461+08:00 DEBUG 6128 --- [tor-http-nio-12] org.springframework.web.HttpLogging      : [be1c8aa] [6a82e049-1] Read 384 bytes
2026-07-09T21:13:15.571+08:00 DEBUG 6128 --- [           main] o.s.w.r.f.client.ExchangeFunctions       : [46b3c1c2] HTTP POST http://localhost:4767/api/users/register
2026-07-09T21:13:15.573+08:00 DEBUG 6128 --- [tor-http-nio-12] org.springframework.web.HttpLogging      : [46b3c1c2] Encoding [{userPassword=pass123, userEmail=dated@example.com, userPhoneNumber=8888888888, expireDate=2026-08-0 (truncated)...]
2026-07-09T21:13:15.577+08:00 DEBUG 6128 --- [o-auto-1-exec-1] o.s.web.servlet.DispatcherServlet        : POST "/api/users/register", parameters={}
2026-07-09T21:13:15.578+08:00 DEBUG 6128 --- [o-auto-1-exec-1] s.w.s.m.m.a.RequestMappingHandlerMapping : Mapped to com.admire.cars.runner.controller.UserController#registerUser(UserRequest)
2026-07-09T21:13:15.581+08:00 DEBUG 6128 --- [o-auto-1-exec-1] m.m.a.RequestResponseBodyMethodProcessor : Read "application/json;charset=UTF-8" to [com.admire.cars.runner.controller.UserController$UserRequest@2f1f7574]
2026-07-09T21:13:15.596+08:00 DEBUG 6128 --- [o-auto-1-exec-1] o.s.w.s.m.m.a.HttpEntityMethodProcessor  : Using 'application/json', given [*/*] and supported [application/json, application/*+json, application/yaml]
2026-07-09T21:13:15.597+08:00 DEBUG 6128 --- [o-auto-1-exec-1] o.s.w.s.m.m.a.HttpEntityMethodProcessor  : Writing [{apiKey=8888888888, success=true, message=User registered successfully, userName=dateduser, userId=3 (truncated)...]
2026-07-09T21:13:15.599+08:00 DEBUG 6128 --- [o-auto-1-exec-1] o.s.web.servlet.DispatcherServlet        : Completed 201 CREATED
2026-07-09T21:13:15.600+08:00 DEBUG 6128 --- [tor-http-nio-12] o.s.w.r.f.client.ExchangeFunctions       : [46b3c1c2] [6a82e049-2] Response 201 CREATED
2026-07-09T21:13:15.622+08:00 DEBUG 6128 --- [           main] o.s.w.r.f.client.ExchangeFunctions       : [27bd53d5] HTTP POST http://localhost:4767/api/users/register
2026-07-09T21:13:15.627+08:00 DEBUG 6128 --- [ctor-http-nio-2] org.springframework.web.HttpLogging      : [27bd53d5] Encoding [com.admire.cars.runner.entity.User@3c48142a]
2026-07-09T21:13:15.630+08:00 DEBUG 6128 --- [o-auto-1-exec-2] o.s.web.servlet.DispatcherServlet        : POST "/api/users/register", parameters={}
2026-07-09T21:13:15.631+08:00 DEBUG 6128 --- [o-auto-1-exec-2] s.w.s.m.m.a.RequestMappingHandlerMapping : Mapped to com.admire.cars.runner.controller.UserController#registerUser(UserRequest)
2026-07-09T21:13:15.634+08:00 DEBUG 6128 --- [o-auto-1-exec-2] m.m.a.RequestResponseBodyMethodProcessor : Read "application/json;charset=UTF-8" to [com.admire.cars.runner.controller.UserController$UserRequest@65bb3de]
2026-07-09T21:13:15.649+08:00 DEBUG 6128 --- [o-auto-1-exec-2] o.s.w.s.m.m.a.HttpEntityMethodProcessor  : Using 'application/json', given [*/*] and supported [application/json, application/*+json, application/yaml]
2026-07-09T21:13:15.650+08:00 DEBUG 6128 --- [o-auto-1-exec-2] o.s.w.s.m.m.a.HttpEntityMethodProcessor  : Writing [{apiKey=5555555555, success=true, message=User registered successfully, userName=normaladsowner, use (truncated)...]
2026-07-09T21:13:15.652+08:00 DEBUG 6128 --- [o-auto-1-exec-2] o.s.web.servlet.DispatcherServlet        : Completed 201 CREATED
2026-07-09T21:13:15.653+08:00 DEBUG 6128 --- [ctor-http-nio-2] o.s.w.r.f.client.ExchangeFunctions       : [27bd53d5] [5e5488f8-1] Response 201 CREATED
2026-07-09T21:13:15.655+08:00 DEBUG 6128 --- [           main] o.s.w.r.f.client.ExchangeFunctions       : [7721408] HTTP POST http://localhost:4767/api/auth/login
2026-07-09T21:13:15.659+08:00 DEBUG 6128 --- [ctor-http-nio-4] org.springframework.web.HttpLogging      : [7721408] Encoding [{password=pass123, username=normaladsowner}]
2026-07-09T21:13:15.663+08:00 DEBUG 6128 --- [o-auto-1-exec-3] o.s.web.servlet.DispatcherServlet        : POST "/api/auth/login", parameters={}
2026-07-09T21:13:15.663+08:00 DEBUG 6128 --- [o-auto-1-exec-3] s.w.s.m.m.a.RequestMappingHandlerMapping : Mapped to com.admire.cars.runner.controller.AuthController#login(LoginRequest)
2026-07-09T21:13:15.665+08:00 DEBUG 6128 --- [o-auto-1-exec-3] m.m.a.RequestResponseBodyMethodProcessor : Read "application/json;charset=UTF-8" to [com.admire.cars.runner.controller.AuthController$LoginRequest@37fbce1a]
2026-07-09T21:13:15.676+08:00 DEBUG 6128 --- [o-auto-1-exec-3] o.s.w.s.m.m.a.HttpEntityMethodProcessor  : Using 'application/json', given [*/*] and supported [application/json, application/*+json, application/yaml]
2026-07-09T21:13:15.676+08:00 DEBUG 6128 --- [o-auto-1-exec-3] o.s.w.s.m.m.a.HttpEntityMethodProcessor  : Writing [LoginResponse[amToken=eyJhbGciOiJIUzI1NiJ9.eyJzdWIiOiI1NTU1NTU1NTU1IiwiaWF0IjoxNzgzNjAyNzk1LCJwIjoiO (truncated)...]
2026-07-09T21:13:15.679+08:00 DEBUG 6128 --- [o-auto-1-exec-3] o.s.web.servlet.DispatcherServlet        : Completed 200 OK
2026-07-09T21:13:15.680+08:00 DEBUG 6128 --- [ctor-http-nio-4] o.s.w.r.f.client.ExchangeFunctions       : [7721408] [6479c9f7-1] Response 200 OK
2026-07-09T21:13:15.684+08:00 DEBUG 6128 --- [ctor-http-nio-4] org.springframework.web.HttpLogging      : [7721408] [6479c9f7-1] Decoded [{amToken=eyJhbGciOiJIUzI1NiJ9.eyJzdWIiOiI1NTU1NTU1NTU1IiwiaWF0IjoxNzgzNjAyNzk1LCJwIjoiOWI4NzY5YTRhNz (truncated)...]
2026-07-09T21:13:15.685+08:00 DEBUG 6128 --- [           main] o.s.w.r.f.client.ExchangeFunctions       : [14f35726] HTTP POST http://localhost:4767/api/platforms
2026-07-09T21:13:15.686+08:00 DEBUG 6128 --- [ctor-http-nio-4] org.springframework.web.HttpLogging      : [14f35726] Encoding [{remarks=Short video platform, platformName=TikTok Ads}]
2026-07-09T21:13:15.690+08:00 DEBUG 6128 --- [o-auto-1-exec-4] o.s.web.servlet.DispatcherServlet        : POST "/api/platforms", parameters={}
2026-07-09T21:13:15.691+08:00 DEBUG 6128 --- [o-auto-1-exec-4] s.w.s.m.m.a.RequestMappingHandlerMapping : Mapped to com.admire.cars.runner.controller.AdsPlatformController#create(AdsPlatform)
2026-07-09T21:13:15.699+08:00 DEBUG 6128 --- [o-auto-1-exec-4] m.m.a.RequestResponseBodyMethodProcessor : Read "application/json;charset=UTF-8" to [com.admire.cars.runner.entity.AdsPlatform@2f0da1b5]
2026-07-09T21:13:15.707+08:00 DEBUG 6128 --- [o-auto-1-exec-4] o.s.w.s.m.m.a.HttpEntityMethodProcessor  : Using 'application/json', given [*/*] and supported [application/json, application/*+json, application/yaml]
2026-07-09T21:13:15.708+08:00 DEBUG 6128 --- [o-auto-1-exec-4] o.s.w.s.m.m.a.HttpEntityMethodProcessor  : Writing [{data=com.admire.cars.runner.entity.AdsPlatform@2f0da1b5, success=true, id=2, message=ADS_PLATFORM c (truncated)...]
2026-07-09T21:13:15.710+08:00 DEBUG 6128 --- [o-auto-1-exec-4] o.s.web.servlet.DispatcherServlet        : Completed 201 CREATED
2026-07-09T21:13:15.710+08:00 DEBUG 6128 --- [ctor-http-nio-4] o.s.w.r.f.client.ExchangeFunctions       : [14f35726] [6479c9f7-2] Response 201 CREATED
2026-07-09T21:13:15.711+08:00 DEBUG 6128 --- [           main] o.s.w.r.f.client.ExchangeFunctions       : [1192e221] HTTP POST http://localhost:4767/api/normal-ads
2026-07-09T21:13:15.716+08:00 DEBUG 6128 --- [ctor-http-nio-6] org.springframework.web.HttpLogging      : [1192e221] Encoding [{status=RUNNING, landingPageUrl=https://example.com/landing, adsOwner=5555555555, affiliteUrl=https: (truncated)...]
2026-07-09T21:13:15.720+08:00 DEBUG 6128 --- [o-auto-1-exec-5] o.s.web.servlet.DispatcherServlet        : POST "/api/normal-ads", parameters={}
2026-07-09T21:13:15.721+08:00 DEBUG 6128 --- [o-auto-1-exec-5] s.w.s.m.m.a.RequestMappingHandlerMapping : Mapped to com.admire.cars.runner.controller.AdsNormalInfoController#create(AdsNormalInfo, HttpServletRequest)
2026-07-09T21:13:15.730+08:00 DEBUG 6128 --- [o-auto-1-exec-5] m.m.a.RequestResponseBodyMethodProcessor : Read "application/json;charset=UTF-8" to [com.admire.cars.runner.entity.AdsNormalInfo@733bed26]
2026-07-09T21:13:15.747+08:00  INFO 6128 --- [ads-auto-task-2] c.a.c.r.s.AdsAutoTaskSchedulerService    : AUTO_JOB_SCHEDULED jobGroup=5555555555-Normal jobId=ads-task-4 intervalMinutes=30 adsType=Normal nextFireTime=Thu Jul 09 21:13:15 CST 2026 finalFireTime=null
2026-07-09T21:13:15.747+08:00 DEBUG 6128 --- [o-auto-1-exec-5] o.s.w.s.m.m.a.HttpEntityMethodProcessor  : Using 'application/json', given [*/*] and supported [application/json, application/*+json, application/yaml]
2026-07-09T21:13:15.748+08:00 DEBUG 6128 --- [o-auto-1-exec-5] o.s.w.s.m.m.a.HttpEntityMethodProcessor  : Writing [{data=com.admire.cars.runner.entity.AdsNormalInfo@733bed26, success=true, id=4, message=ADS_NORMAL_I (truncated)...]
2026-07-09T21:13:15.748+08:00  INFO 6128 --- [eduler_Worker-5] c.admire.cars.runner.job.AdsAutoTaskJob  : AUTO_JOB_START jobGroup=5555555555-Normal jobId=ads-task-4 start=2026-07-09T13:13:15.748287100Z adsType=Normal adsOwner=5555555555 adsId=4
2026-07-09T21:13:15.749+08:00  INFO 6128 --- [eduler_Worker-5] c.admire.cars.runner.job.AdsAutoTaskJob  : AUTO_JOB_END jobGroup=5555555555-Normal jobId=ads-task-4 end=2026-07-09T13:13:15.749285600Z
2026-07-09T21:13:15.750+08:00 DEBUG 6128 --- [o-auto-1-exec-5] o.s.web.servlet.DispatcherServlet        : Completed 201 CREATED
2026-07-09T21:13:15.751+08:00 DEBUG 6128 --- [ctor-http-nio-6] o.s.w.r.f.client.ExchangeFunctions       : [1192e221] [e8e1ecde-1] Response 201 CREATED
2026-07-09T21:13:15.752+08:00 DEBUG 6128 --- [           main] o.s.w.r.f.client.ExchangeFunctions       : [5cfc283d] HTTP POST http://localhost:4767/api/normal-ads
2026-07-09T21:13:15.756+08:00 DEBUG 6128 --- [ctor-http-nio-8] org.springframework.web.HttpLogging      : [5cfc283d] Encoding [{status=PAUSED, platformName=TikTok Ads, campainCountry=US, campainName=Winter Sale, adsOwner=555555 (truncated)...]
2026-07-09T21:13:15.760+08:00 DEBUG 6128 --- [o-auto-1-exec-6] o.s.web.servlet.DispatcherServlet        : POST "/api/normal-ads", parameters={}
2026-07-09T21:13:15.761+08:00 DEBUG 6128 --- [o-auto-1-exec-6] s.w.s.m.m.a.RequestMappingHandlerMapping : Mapped to com.admire.cars.runner.controller.AdsNormalInfoController#create(AdsNormalInfo, HttpServletRequest)
2026-07-09T21:13:15.768+08:00 DEBUG 6128 --- [o-auto-1-exec-6] m.m.a.RequestResponseBodyMethodProcessor : Read "application/json;charset=UTF-8" to [com.admire.cars.runner.entity.AdsNormalInfo@3df16bb3]
2026-07-09T21:13:15.780+08:00 DEBUG 6128 --- [o-auto-1-exec-6] o.s.w.s.m.m.a.HttpEntityMethodProcessor  : Using 'application/json', given [*/*] and supported [application/json, application/*+json, application/yaml]
2026-07-09T21:13:15.780+08:00 DEBUG 6128 --- [o-auto-1-exec-6] o.s.w.s.m.m.a.HttpEntityMethodProcessor  : Writing [{data=com.admire.cars.runner.entity.AdsNormalInfo@3df16bb3, success=true, id=5, message=ADS_NORMAL_I (truncated)...]
2026-07-09T21:13:15.783+08:00 DEBUG 6128 --- [o-auto-1-exec-6] o.s.web.servlet.DispatcherServlet        : Completed 201 CREATED
2026-07-09T21:13:15.783+08:00 DEBUG 6128 --- [ctor-http-nio-8] o.s.w.r.f.client.ExchangeFunctions       : [5cfc283d] [62e0d80a-1] Response 201 CREATED
2026-07-09T21:13:15.793+08:00 DEBUG 6128 --- [           main] o.s.w.r.f.client.ExchangeFunctions       : [7e78953e] HTTP GET http://localhost:4767/api/normal-ads
2026-07-09T21:13:15.802+08:00 DEBUG 6128 --- [o-auto-1-exec-7] o.s.web.servlet.DispatcherServlet        : GET "/api/normal-ads?page=0&size=1&campainName=Sale", parameters={masked}
2026-07-09T21:13:15.803+08:00 DEBUG 6128 --- [o-auto-1-exec-7] s.w.s.m.m.a.RequestMappingHandlerMapping : Mapped to com.admire.cars.runner.controller.AdsNormalInfoController#search(String, String, String, String, int, int)
2026-07-09T21:13:15.941+08:00 DEBUG 6128 --- [o-auto-1-exec-7] o.s.w.s.m.m.a.HttpEntityMethodProcessor  : Using 'application/json', given [*/*] and supported [application/json, application/*+json, application/yaml]
2026-07-09T21:13:15.942+08:00 DEBUG 6128 --- [o-auto-1-exec-7] o.s.w.s.m.m.a.HttpEntityMethodProcessor  : Writing [Page 1 of 2 containing com.admire.cars.runner.entity.AdsNormalInfo instances]
2026-07-09T21:13:15.946+08:00  WARN 6128 --- [o-auto-1-exec-7] ration$PageModule$WarningLoggingModifier : Serializing PageImpl instances as-is is not supported, meaning that there is no guarantee about the stability of the resulting JSON structure!
	For a stable JSON structure, please use Spring Data's PagedModel (globally via @EnableSpringDataWebSupport(pageSerializationMode = VIA_DTO))
	or Spring HATEOAS and Spring Data's PagedResourcesAssembler as documented in https://docs.spring.io/spring-data/commons/reference/repositories/core-extensions.html#core.web.pageables.

2026-07-09T21:13:15.971+08:00 DEBUG 6128 --- [tor-http-nio-10] o.s.w.r.f.client.ExchangeFunctions       : [7e78953e] [33d47ee5-1] Response 200 OK
2026-07-09T21:13:15.971+08:00 DEBUG 6128 --- [o-auto-1-exec-7] o.s.web.servlet.DispatcherServlet        : Completed 200 OK
2026-07-09T21:13:15.972+08:00 DEBUG 6128 --- [tor-http-nio-10] org.springframework.web.HttpLogging      : [7e78953e] [33d47ee5-1] Read 620 bytes
2026-07-09T21:13:15.974+08:00 DEBUG 6128 --- [           main] o.s.w.r.f.client.ExchangeFunctions       : [78e8594a] HTTP GET http://localhost:4767/api/normal-ads
2026-07-09T21:13:15.977+08:00 DEBUG 6128 --- [o-auto-1-exec-8] o.s.web.servlet.DispatcherServlet        : GET "/api/normal-ads?page=0&size=10&platformName=TikTok", parameters={masked}
2026-07-09T21:13:15.977+08:00 DEBUG 6128 --- [o-auto-1-exec-8] s.w.s.m.m.a.RequestMappingHandlerMapping : Mapped to com.admire.cars.runner.controller.AdsNormalInfoController#search(String, String, String, String, int, int)
2026-07-09T21:13:15.997+08:00 DEBUG 6128 --- [o-auto-1-exec-8] o.s.w.s.m.m.a.HttpEntityMethodProcessor  : Using 'application/json', given [*/*] and supported [application/json, application/*+json, application/yaml]
2026-07-09T21:13:15.998+08:00 DEBUG 6128 --- [o-auto-1-exec-8] o.s.w.s.m.m.a.HttpEntityMethodProcessor  : Writing [Page 1 of 1 containing com.admire.cars.runner.entity.AdsNormalInfo instances]
2026-07-09T21:13:16.003+08:00 DEBUG 6128 --- [o-auto-1-exec-8] o.s.web.servlet.DispatcherServlet        : Completed 200 OK
2026-07-09T21:13:16.004+08:00 DEBUG 6128 --- [tor-http-nio-10] o.s.w.r.f.client.ExchangeFunctions       : [78e8594a] [33d47ee5-2] Response 200 OK
2026-07-09T21:13:16.013+08:00 DEBUG 6128 --- [tor-http-nio-10] org.springframework.web.HttpLogging      : [78e8594a] [33d47ee5-2] Read 980 bytes
2026-07-09T21:13:16.014+08:00 DEBUG 6128 --- [           main] o.s.w.r.f.client.ExchangeFunctions       : [51b274ce] HTTP GET http://localhost:4767/api/normal-ads
2026-07-09T21:13:16.018+08:00 DEBUG 6128 --- [o-auto-1-exec-9] o.s.web.servlet.DispatcherServlet        : GET "/api/normal-ads?page=0&size=10&status=PAUSED", parameters={masked}
2026-07-09T21:13:16.019+08:00 DEBUG 6128 --- [o-auto-1-exec-9] s.w.s.m.m.a.RequestMappingHandlerMapping : Mapped to com.admire.cars.runner.controller.AdsNormalInfoController#search(String, String, String, String, int, int)
2026-07-09T21:13:16.036+08:00 DEBUG 6128 --- [o-auto-1-exec-9] o.s.w.s.m.m.a.HttpEntityMethodProcessor  : Using 'application/json', given [*/*] and supported [application/json, application/*+json, application/yaml]
2026-07-09T21:13:16.038+08:00 DEBUG 6128 --- [o-auto-1-exec-9] o.s.w.s.m.m.a.HttpEntityMethodProcessor  : Writing [Page 1 of 1 containing com.admire.cars.runner.entity.AdsNormalInfo instances]
2026-07-09T21:13:16.041+08:00 DEBUG 6128 --- [o-auto-1-exec-9] o.s.web.servlet.DispatcherServlet        : Completed 200 OK
2026-07-09T21:13:16.042+08:00 DEBUG 6128 --- [tor-http-nio-10] o.s.w.r.f.client.ExchangeFunctions       : [51b274ce] [33d47ee5-3] Response 200 OK
2026-07-09T21:13:16.044+08:00 DEBUG 6128 --- [tor-http-nio-10] org.springframework.web.HttpLogging      : [51b274ce] [33d47ee5-3] Read 621 bytes
2026-07-09T21:13:16.046+08:00 DEBUG 6128 --- [           main] o.s.w.r.f.client.ExchangeFunctions       : [55cb0354] HTTP GET http://localhost:4767/api/normal-ads
2026-07-09T21:13:16.049+08:00 DEBUG 6128 --- [-auto-1-exec-10] o.s.web.servlet.DispatcherServlet        : GET "/api/normal-ads?page=0&size=10&adsOwner=5555555555", parameters={masked}
2026-07-09T21:13:16.050+08:00 DEBUG 6128 --- [-auto-1-exec-10] s.w.s.m.m.a.RequestMappingHandlerMapping : Mapped to com.admire.cars.runner.controller.AdsNormalInfoController#search(String, String, String, String, int, int)
2026-07-09T21:13:16.070+08:00 DEBUG 6128 --- [-auto-1-exec-10] o.s.w.s.m.m.a.HttpEntityMethodProcessor  : Using 'application/json', given [*/*] and supported [application/json, application/*+json, application/yaml]
2026-07-09T21:13:16.072+08:00 DEBUG 6128 --- [-auto-1-exec-10] o.s.w.s.m.m.a.HttpEntityMethodProcessor  : Writing [Page 1 of 1 containing com.admire.cars.runner.entity.AdsNormalInfo instances]
2026-07-09T21:13:16.074+08:00 DEBUG 6128 --- [-auto-1-exec-10] o.s.web.servlet.DispatcherServlet        : Completed 200 OK
2026-07-09T21:13:16.075+08:00 DEBUG 6128 --- [tor-http-nio-10] o.s.w.r.f.client.ExchangeFunctions       : [55cb0354] [33d47ee5-4] Response 200 OK
2026-07-09T21:13:16.077+08:00 DEBUG 6128 --- [tor-http-nio-10] org.springframework.web.HttpLogging      : [55cb0354] [33d47ee5-4] Read 980 bytes
2026-07-09T21:13:16.096+08:00 DEBUG 6128 --- [           main] o.s.w.r.f.client.ExchangeFunctions       : [55b89b11] HTTP POST http://localhost:4767/api/users/register
2026-07-09T21:13:16.098+08:00 DEBUG 6128 --- [tor-http-nio-10] org.springframework.web.HttpLogging      : [55b89b11] Encoding [com.admire.cars.runner.entity.User@537bd72e]
2026-07-09T21:13:16.101+08:00 DEBUG 6128 --- [o-auto-1-exec-1] o.s.web.servlet.DispatcherServlet        : POST "/api/users/register", parameters={}
2026-07-09T21:13:16.101+08:00 DEBUG 6128 --- [o-auto-1-exec-1] s.w.s.m.m.a.RequestMappingHandlerMapping : Mapped to com.admire.cars.runner.controller.UserController#registerUser(UserRequest)
2026-07-09T21:13:16.105+08:00 DEBUG 6128 --- [o-auto-1-exec-1] m.m.a.RequestResponseBodyMethodProcessor : Read "application/json;charset=UTF-8" to [com.admire.cars.runner.controller.UserController$UserRequest@17efe6b5]
2026-07-09T21:13:16.129+08:00 DEBUG 6128 --- [o-auto-1-exec-1] o.s.w.s.m.m.a.HttpEntityMethodProcessor  : Using 'application/json', given [*/*] and supported [application/json, application/*+json, application/yaml]
2026-07-09T21:13:16.130+08:00 DEBUG 6128 --- [o-auto-1-exec-1] o.s.w.s.m.m.a.HttpEntityMethodProcessor  : Writing [{apiKey=6666666666, success=true, message=User registered successfully, userName=matrixowner, userId (truncated)...]
2026-07-09T21:13:16.132+08:00 DEBUG 6128 --- [o-auto-1-exec-1] o.s.web.servlet.DispatcherServlet        : Completed 201 CREATED
2026-07-09T21:13:16.132+08:00 DEBUG 6128 --- [tor-http-nio-10] o.s.w.r.f.client.ExchangeFunctions       : [55b89b11] [33d47ee5-5] Response 201 CREATED
2026-07-09T21:13:16.134+08:00 DEBUG 6128 --- [           main] o.s.w.r.f.client.ExchangeFunctions       : [17ee816c] HTTP POST http://localhost:4767/api/auth/login
2026-07-09T21:13:16.140+08:00 DEBUG 6128 --- [tor-http-nio-12] org.springframework.web.HttpLogging      : [17ee816c] Encoding [{password=pass123, username=matrixowner}]
2026-07-09T21:13:16.143+08:00 DEBUG 6128 --- [o-auto-1-exec-2] o.s.web.servlet.DispatcherServlet        : POST "/api/auth/login", parameters={}
2026-07-09T21:13:16.144+08:00 DEBUG 6128 --- [o-auto-1-exec-2] s.w.s.m.m.a.RequestMappingHandlerMapping : Mapped to com.admire.cars.runner.controller.AuthController#login(LoginRequest)
2026-07-09T21:13:16.145+08:00 DEBUG 6128 --- [o-auto-1-exec-2] m.m.a.RequestResponseBodyMethodProcessor : Read "application/json;charset=UTF-8" to [com.admire.cars.runner.controller.AuthController$LoginRequest@7b993e4e]
2026-07-09T21:13:16.156+08:00 DEBUG 6128 --- [o-auto-1-exec-2] o.s.w.s.m.m.a.HttpEntityMethodProcessor  : Using 'application/json', given [*/*] and supported [application/json, application/*+json, application/yaml]
2026-07-09T21:13:16.157+08:00 DEBUG 6128 --- [o-auto-1-exec-2] o.s.w.s.m.m.a.HttpEntityMethodProcessor  : Writing [LoginResponse[amToken=eyJhbGciOiJIUzI1NiJ9.eyJzdWIiOiI2NjY2NjY2NjY2IiwiaWF0IjoxNzgzNjAyNzk2LCJwIjoiO (truncated)...]
2026-07-09T21:13:16.159+08:00 DEBUG 6128 --- [o-auto-1-exec-2] o.s.web.servlet.DispatcherServlet        : Completed 200 OK
2026-07-09T21:13:16.159+08:00 DEBUG 6128 --- [tor-http-nio-12] o.s.w.r.f.client.ExchangeFunctions       : [17ee816c] [f6079f88-1] Response 200 OK
2026-07-09T21:13:16.162+08:00 DEBUG 6128 --- [tor-http-nio-12] org.springframework.web.HttpLogging      : [17ee816c] [f6079f88-1] Decoded [{amToken=eyJhbGciOiJIUzI1NiJ9.eyJzdWIiOiI2NjY2NjY2NjY2IiwiaWF0IjoxNzgzNjAyNzk2LCJwIjoiOWI4NzY5YTRhNz (truncated)...]
2026-07-09T21:13:16.163+08:00 DEBUG 6128 --- [           main] o.s.w.r.f.client.ExchangeFunctions       : [1ab2f166] HTTP POST http://localhost:4767/api/platforms
2026-07-09T21:13:16.165+08:00 DEBUG 6128 --- [tor-http-nio-12] org.springframework.web.HttpLogging      : [1ab2f166] Encoding [{remarks=TikTok platform, platformName=Matrix TikTok}]
2026-07-09T21:13:16.167+08:00 DEBUG 6128 --- [o-auto-1-exec-3] o.s.web.servlet.DispatcherServlet        : POST "/api/platforms", parameters={}
2026-07-09T21:13:16.168+08:00 DEBUG 6128 --- [o-auto-1-exec-3] s.w.s.m.m.a.RequestMappingHandlerMapping : Mapped to com.admire.cars.runner.controller.AdsPlatformController#create(AdsPlatform)
2026-07-09T21:13:16.178+08:00 DEBUG 6128 --- [o-auto-1-exec-3] m.m.a.RequestResponseBodyMethodProcessor : Read "application/json;charset=UTF-8" to [com.admire.cars.runner.entity.AdsPlatform@5dd817b3]
2026-07-09T21:13:16.187+08:00 DEBUG 6128 --- [o-auto-1-exec-3] o.s.w.s.m.m.a.HttpEntityMethodProcessor  : Using 'application/json', given [*/*] and supported [application/json, application/*+json, application/yaml]
2026-07-09T21:13:16.188+08:00 DEBUG 6128 --- [o-auto-1-exec-3] o.s.w.s.m.m.a.HttpEntityMethodProcessor  : Writing [{data=com.admire.cars.runner.entity.AdsPlatform@5dd817b3, success=true, id=3, message=ADS_PLATFORM c (truncated)...]
2026-07-09T21:13:16.189+08:00 DEBUG 6128 --- [o-auto-1-exec-3] o.s.web.servlet.DispatcherServlet        : Completed 201 CREATED
2026-07-09T21:13:16.190+08:00 DEBUG 6128 --- [tor-http-nio-12] o.s.w.r.f.client.ExchangeFunctions       : [1ab2f166] [f6079f88-2] Response 201 CREATED
2026-07-09T21:13:16.192+08:00 DEBUG 6128 --- [           main] o.s.w.r.f.client.ExchangeFunctions       : [7015b29b] HTTP POST http://localhost:4767/api/platforms
2026-07-09T21:13:16.197+08:00 DEBUG 6128 --- [ctor-http-nio-2] org.springframework.web.HttpLogging      : [7015b29b] Encoding [{remarks=Meta platform, platformName=Matrix Meta}]
2026-07-09T21:13:16.200+08:00 DEBUG 6128 --- [o-auto-1-exec-4] o.s.web.servlet.DispatcherServlet        : POST "/api/platforms", parameters={}
2026-07-09T21:13:16.200+08:00 DEBUG 6128 --- [o-auto-1-exec-4] s.w.s.m.m.a.RequestMappingHandlerMapping : Mapped to com.admire.cars.runner.controller.AdsPlatformController#create(AdsPlatform)
2026-07-09T21:13:16.210+08:00 DEBUG 6128 --- [o-auto-1-exec-4] m.m.a.RequestResponseBodyMethodProcessor : Read "application/json;charset=UTF-8" to [com.admire.cars.runner.entity.AdsPlatform@1b634cce]
2026-07-09T21:13:16.217+08:00 DEBUG 6128 --- [o-auto-1-exec-4] o.s.w.s.m.m.a.HttpEntityMethodProcessor  : Using 'application/json', given [*/*] and supported [application/json, application/*+json, application/yaml]
2026-07-09T21:13:16.220+08:00 DEBUG 6128 --- [o-auto-1-exec-4] o.s.w.s.m.m.a.HttpEntityMethodProcessor  : Writing [{data=com.admire.cars.runner.entity.AdsPlatform@1b634cce, success=true, id=4, message=ADS_PLATFORM c (truncated)...]
2026-07-09T21:13:16.227+08:00 DEBUG 6128 --- [o-auto-1-exec-4] o.s.web.servlet.DispatcherServlet        : Completed 201 CREATED
2026-07-09T21:13:16.227+08:00 DEBUG 6128 --- [ctor-http-nio-2] o.s.w.r.f.client.ExchangeFunctions       : [7015b29b] [1ff03ea6-1] Response 201 CREATED
2026-07-09T21:13:16.228+08:00 DEBUG 6128 --- [           main] o.s.w.r.f.client.ExchangeFunctions       : [61e4cf9b] HTTP POST http://localhost:4767/api/matrix-ads
2026-07-09T21:13:16.232+08:00 DEBUG 6128 --- [ctor-http-nio-4] org.springframework.web.HttpLogging      : [61e4cf9b] Encoding [{affiliateInfos=[{remarks=Primary affiliate, displayNumber=10, affiliteUrl=https://example.com/tikto (truncated)...]
2026-07-09T21:13:16.240+08:00 DEBUG 6128 --- [o-auto-1-exec-5] o.s.web.servlet.DispatcherServlet        : POST "/api/matrix-ads", parameters={}
2026-07-09T21:13:16.241+08:00 DEBUG 6128 --- [o-auto-1-exec-5] s.w.s.m.m.a.RequestMappingHandlerMapping : Mapped to com.admire.cars.runner.controller.AdsMatrixInfoController#create(AdsMatrixInfo, HttpServletRequest)
2026-07-09T21:13:16.256+08:00 DEBUG 6128 --- [o-auto-1-exec-5] m.m.a.RequestResponseBodyMethodProcessor : Read "application/json;charset=UTF-8" to [com.admire.cars.runner.entity.AdsMatrixInfo@bb08ed6]
2026-07-09T21:13:16.283+08:00  INFO 6128 --- [ads-auto-task-1] c.a.c.r.s.AdsAutoTaskSchedulerService    : AUTO_JOB_SCHEDULED jobGroup=6666666666-Matrix jobId=ads-task-3 intervalMinutes=15 adsType=Matrix nextFireTime=Thu Jul 09 21:13:16 CST 2026 finalFireTime=null
2026-07-09T21:13:16.283+08:00 DEBUG 6128 --- [o-auto-1-exec-5] o.s.w.s.m.m.a.HttpEntityMethodProcessor  : Using 'application/json', given [*/*] and supported [application/json, application/*+json, application/yaml]
2026-07-09T21:13:16.284+08:00  INFO 6128 --- [eduler_Worker-6] c.admire.cars.runner.job.AdsAutoTaskJob  : AUTO_JOB_START jobGroup=6666666666-Matrix jobId=ads-task-3 start=2026-07-09T13:13:16.284213600Z adsType=Matrix adsOwner=6666666666 adsId=3
2026-07-09T21:13:16.284+08:00 DEBUG 6128 --- [o-auto-1-exec-5] o.s.w.s.m.m.a.HttpEntityMethodProcessor  : Writing [{data=com.admire.cars.runner.entity.AdsMatrixInfo@bb08ed6, success=true, id=3, message=ADS_MATRIX_IN (truncated)...]
2026-07-09T21:13:16.284+08:00  INFO 6128 --- [eduler_Worker-6] c.admire.cars.runner.job.AdsAutoTaskJob  : AUTO_JOB_END jobGroup=6666666666-Matrix jobId=ads-task-3 end=2026-07-09T13:13:16.284213600Z
2026-07-09T21:13:16.290+08:00 DEBUG 6128 --- [o-auto-1-exec-5] o.s.web.servlet.DispatcherServlet        : Completed 201 CREATED
2026-07-09T21:13:16.290+08:00 DEBUG 6128 --- [ctor-http-nio-4] o.s.w.r.f.client.ExchangeFunctions       : [61e4cf9b] [bbfc05b4-1] Response 201 CREATED
2026-07-09T21:13:16.293+08:00 DEBUG 6128 --- [ctor-http-nio-4] org.springframework.web.HttpLogging      : [61e4cf9b] [bbfc05b4-1] Decoded [{data={id=3, campainName=Matrix Campaign, campainCountry=US, landingPageUrl=https://example.com/matr (truncated)...]
2026-07-09T21:13:16.294+08:00 DEBUG 6128 --- [           main] o.s.w.r.f.client.ExchangeFunctions       : [262d72a] HTTP GET http://localhost:4767/api/matrix-ads
2026-07-09T21:13:16.299+08:00 DEBUG 6128 --- [o-auto-1-exec-6] o.s.web.servlet.DispatcherServlet        : GET "/api/matrix-ads?page=0&size=1&campainName=Matrix", parameters={masked}
2026-07-09T21:13:16.300+08:00 DEBUG 6128 --- [o-auto-1-exec-6] s.w.s.m.m.a.RequestMappingHandlerMapping : Mapped to com.admire.cars.runner.controller.AdsMatrixInfoController#search(String, String, String, int, int, HttpServletRequest)
2026-07-09T21:13:16.362+08:00 DEBUG 6128 --- [o-auto-1-exec-6] o.s.w.s.m.m.a.HttpEntityMethodProcessor  : Using 'application/json', given [*/*] and supported [application/json, application/*+json, application/yaml]
2026-07-09T21:13:16.362+08:00 DEBUG 6128 --- [o-auto-1-exec-6] o.s.w.s.m.m.a.HttpEntityMethodProcessor  : Writing [Page 1 of 1 containing com.admire.cars.runner.entity.AdsMatrixInfo instances]
2026-07-09T21:13:16.365+08:00 DEBUG 6128 --- [o-auto-1-exec-6] o.s.web.servlet.DispatcherServlet        : Completed 200 OK
2026-07-09T21:13:16.366+08:00 DEBUG 6128 --- [ctor-http-nio-4] o.s.w.r.f.client.ExchangeFunctions       : [262d72a] [bbfc05b4-2] Response 200 OK
2026-07-09T21:13:16.368+08:00 DEBUG 6128 --- [ctor-http-nio-4] org.springframework.web.HttpLogging      : [262d72a] [bbfc05b4-2] Read 1015 bytes
2026-07-09T21:13:16.370+08:00 DEBUG 6128 --- [           main] o.s.w.r.f.client.ExchangeFunctions       : [f563fc1] HTTP GET http://localhost:4767/api/matrix-ads
2026-07-09T21:13:16.373+08:00 DEBUG 6128 --- [o-auto-1-exec-7] o.s.web.servlet.DispatcherServlet        : GET "/api/matrix-ads?page=0&size=10&platformName=Matrix%20TikTok", parameters={masked}
2026-07-09T21:13:16.374+08:00 DEBUG 6128 --- [o-auto-1-exec-7] s.w.s.m.m.a.RequestMappingHandlerMapping : Mapped to com.admire.cars.runner.controller.AdsMatrixInfoController#search(String, String, String, int, int, HttpServletRequest)
2026-07-09T21:13:16.412+08:00 DEBUG 6128 --- [o-auto-1-exec-7] o.s.w.s.m.m.a.HttpEntityMethodProcessor  : Using 'application/json', given [*/*] and supported [application/json, application/*+json, application/yaml]
2026-07-09T21:13:16.414+08:00 DEBUG 6128 --- [o-auto-1-exec-7] o.s.w.s.m.m.a.HttpEntityMethodProcessor  : Writing [Page 1 of 1 containing com.admire.cars.runner.entity.AdsMatrixInfo instances]
2026-07-09T21:13:16.415+08:00 DEBUG 6128 --- [o-auto-1-exec-7] o.s.web.servlet.DispatcherServlet        : Completed 200 OK
2026-07-09T21:13:16.415+08:00 DEBUG 6128 --- [ctor-http-nio-4] o.s.w.r.f.client.ExchangeFunctions       : [f563fc1] [bbfc05b4-3] Response 200 OK
2026-07-09T21:13:16.418+08:00 DEBUG 6128 --- [ctor-http-nio-4] org.springframework.web.HttpLogging      : [f563fc1] [bbfc05b4-3] Read 1017 bytes
2026-07-09T21:13:16.419+08:00 DEBUG 6128 --- [           main] o.s.w.r.f.client.ExchangeFunctions       : [520ac5da] HTTP GET http://localhost:4767/api/matrix-ads
2026-07-09T21:13:16.421+08:00 DEBUG 6128 --- [o-auto-1-exec-8] o.s.web.servlet.DispatcherServlet        : GET "/api/matrix-ads?page=0&size=10&status=RUNNING", parameters={masked}
2026-07-09T21:13:16.422+08:00 DEBUG 6128 --- [o-auto-1-exec-8] s.w.s.m.m.a.RequestMappingHandlerMapping : Mapped to com.admire.cars.runner.controller.AdsMatrixInfoController#search(String, String, String, int, int, HttpServletRequest)
2026-07-09T21:13:16.445+08:00 DEBUG 6128 --- [o-auto-1-exec-8] o.s.w.s.m.m.a.HttpEntityMethodProcessor  : Using 'application/json', given [*/*] and supported [application/json, application/*+json, application/yaml]
2026-07-09T21:13:16.446+08:00 DEBUG 6128 --- [o-auto-1-exec-8] o.s.w.s.m.m.a.HttpEntityMethodProcessor  : Writing [Page 1 of 1 containing com.admire.cars.runner.entity.AdsMatrixInfo instances]
2026-07-09T21:13:16.448+08:00 DEBUG 6128 --- [o-auto-1-exec-8] o.s.web.servlet.DispatcherServlet        : Completed 200 OK
2026-07-09T21:13:16.449+08:00 DEBUG 6128 --- [ctor-http-nio-4] o.s.w.r.f.client.ExchangeFunctions       : [520ac5da] [bbfc05b4-4] Response 200 OK
2026-07-09T21:13:16.451+08:00 DEBUG 6128 --- [ctor-http-nio-4] org.springframework.web.HttpLogging      : [520ac5da] [bbfc05b4-4] Read 1017 bytes
2026-07-09T21:13:16.452+08:00 DEBUG 6128 --- [           main] o.s.w.r.f.client.ExchangeFunctions       : [15554017] HTTP GET http://localhost:4767/api/matrix-ads
2026-07-09T21:13:16.457+08:00 DEBUG 6128 --- [o-auto-1-exec-9] o.s.web.servlet.DispatcherServlet        : GET "/api/matrix-ads?page=0&size=10", parameters={masked}
2026-07-09T21:13:16.458+08:00 DEBUG 6128 --- [o-auto-1-exec-9] s.w.s.m.m.a.RequestMappingHandlerMapping : Mapped to com.admire.cars.runner.controller.AdsMatrixInfoController#search(String, String, String, int, int, HttpServletRequest)
2026-07-09T21:13:16.478+08:00 DEBUG 6128 --- [o-auto-1-exec-9] o.s.w.s.m.m.a.HttpEntityMethodProcessor  : Using 'application/json', given [*/*] and supported [application/json, application/*+json, application/yaml]
2026-07-09T21:13:16.479+08:00 DEBUG 6128 --- [o-auto-1-exec-9] o.s.w.s.m.m.a.HttpEntityMethodProcessor  : Writing [Page 1 of 1 containing com.admire.cars.runner.entity.AdsMatrixInfo instances]
2026-07-09T21:13:16.481+08:00 DEBUG 6128 --- [o-auto-1-exec-9] o.s.web.servlet.DispatcherServlet        : Completed 200 OK
2026-07-09T21:13:16.482+08:00 DEBUG 6128 --- [ctor-http-nio-4] o.s.w.r.f.client.ExchangeFunctions       : [15554017] [bbfc05b4-5] Response 200 OK
2026-07-09T21:13:16.485+08:00 DEBUG 6128 --- [ctor-http-nio-4] org.springframework.web.HttpLogging      : [15554017] [bbfc05b4-5] Read 1017 bytes
2026-07-09T21:13:16.486+08:00 DEBUG 6128 --- [           main] o.s.w.r.f.client.ExchangeFunctions       : [11a0e10] HTTP PUT http://localhost:4767/api/matrix-ads/3
2026-07-09T21:13:16.489+08:00 DEBUG 6128 --- [ctor-http-nio-4] org.springframework.web.HttpLogging      : [11a0e10] Encoding [{affiliateInfos=[{remarks=Updated affiliate, displayNumber=30, affiliteUrl=https://example.com/tikto (truncated)...]
2026-07-09T21:13:16.493+08:00 DEBUG 6128 --- [-auto-1-exec-10] o.s.web.servlet.DispatcherServlet        : PUT "/api/matrix-ads/3", parameters={}
2026-07-09T21:13:16.494+08:00 DEBUG 6128 --- [-auto-1-exec-10] s.w.s.m.m.a.RequestMappingHandlerMapping : Mapped to com.admire.cars.runner.controller.AdsMatrixInfoController#update(Long, AdsMatrixInfo, HttpServletRequest)
2026-07-09T21:13:16.501+08:00 DEBUG 6128 --- [-auto-1-exec-10] m.m.a.RequestResponseBodyMethodProcessor : Read "application/json;charset=UTF-8" to [com.admire.cars.runner.entity.AdsMatrixInfo@10b478d1]
2026-07-09T21:13:16.553+08:00 DEBUG 6128 --- [-auto-1-exec-10] o.s.w.s.m.m.a.HttpEntityMethodProcessor  : Using 'application/json', given [*/*] and supported [application/json, application/*+json, application/yaml]
2026-07-09T21:13:16.555+08:00 DEBUG 6128 --- [-auto-1-exec-10] o.s.w.s.m.m.a.HttpEntityMethodProcessor  : Writing [{data=com.admire.cars.runner.entity.AdsMatrixInfo@44689084, success=true, message=ADS_MATRIX_INFO up (truncated)...]
2026-07-09T21:13:16.555+08:00  INFO 6128 --- [ads-auto-task-2] c.a.c.r.s.AdsAutoTaskSchedulerService    : AUTO_JOB_SCHEDULED jobGroup=6666666666-Matrix jobId=ads-task-3 intervalMinutes=15 adsType=Matrix nextFireTime=Thu Jul 09 21:28:16 CST 2026 finalFireTime=null
2026-07-09T21:13:16.556+08:00  INFO 6128 --- [ads-auto-task-2] c.a.c.r.s.AdsAutoTaskSchedulerService    : AUTO_JOB_PAUSED jobGroup=6666666666-Matrix jobId=ads-task-3
2026-07-09T21:13:16.556+08:00  INFO 6128 --- [eduler_Worker-7] c.admire.cars.runner.job.AdsAutoTaskJob  : AUTO_JOB_START jobGroup=6666666666-Matrix jobId=ads-task-3 start=2026-07-09T13:13:16.556196500Z adsType=Matrix adsOwner=6666666666 adsId=3
2026-07-09T21:13:16.556+08:00  INFO 6128 --- [eduler_Worker-7] c.admire.cars.runner.job.AdsAutoTaskJob  : AUTO_JOB_END jobGroup=6666666666-Matrix jobId=ads-task-3 end=2026-07-09T13:13:16.556196500Z
2026-07-09T21:13:16.557+08:00 DEBUG 6128 --- [-auto-1-exec-10] o.s.web.servlet.DispatcherServlet        : Completed 200 OK
2026-07-09T21:13:16.559+08:00 DEBUG 6128 --- [ctor-http-nio-4] o.s.w.r.f.client.ExchangeFunctions       : [11a0e10] [bbfc05b4-6] Response 200 OK
2026-07-09T21:13:16.560+08:00 DEBUG 6128 --- [ctor-http-nio-4] org.springframework.web.HttpLogging      : [11a0e10] [bbfc05b4-6] Read 613 bytes
2026-07-09T21:13:16.560+08:00 DEBUG 6128 --- [           main] o.s.w.r.f.client.ExchangeFunctions       : [3f8c91c5] HTTP DELETE http://localhost:4767/api/matrix-ads/3
2026-07-09T21:13:16.566+08:00 DEBUG 6128 --- [o-auto-1-exec-1] o.s.web.servlet.DispatcherServlet        : DELETE "/api/matrix-ads/3", parameters={}
2026-07-09T21:13:16.567+08:00 DEBUG 6128 --- [o-auto-1-exec-1] s.w.s.m.m.a.RequestMappingHandlerMapping : Mapped to com.admire.cars.runner.controller.AdsMatrixInfoController#delete(Long)
2026-07-09T21:13:16.587+08:00  INFO 6128 --- [ads-auto-task-1] c.a.c.r.s.AdsAutoTaskSchedulerService    : AUTO_JOB_DELETED jobGroup=6666666666-Matrix jobId=ads-task-3 groupEmpty=true
2026-07-09T21:13:16.588+08:00 DEBUG 6128 --- [o-auto-1-exec-1] o.s.w.s.m.m.a.HttpEntityMethodProcessor  : Using 'application/json', given [*/*] and supported [application/json, application/*+json, application/yaml]
2026-07-09T21:13:16.589+08:00 DEBUG 6128 --- [o-auto-1-exec-1] o.s.w.s.m.m.a.HttpEntityMethodProcessor  : Writing [{success=true, message=ADS_MATRIX_INFO deleted successfully}]
2026-07-09T21:13:16.590+08:00 DEBUG 6128 --- [o-auto-1-exec-1] o.s.web.servlet.DispatcherServlet        : Completed 200 OK
2026-07-09T21:13:16.596+08:00 DEBUG 6128 --- [ctor-http-nio-4] o.s.w.r.f.client.ExchangeFunctions       : [3f8c91c5] [bbfc05b4-7] Response 200 OK
2026-07-09T21:13:16.615+08:00 DEBUG 6128 --- [           main] o.s.w.r.f.client.ExchangeFunctions       : [4c60d61] HTTP POST http://localhost:4767/api/users/register
2026-07-09T21:13:16.617+08:00 DEBUG 6128 --- [ctor-http-nio-4] org.springframework.web.HttpLogging      : [4c60d61] Encoding [com.admire.cars.runner.entity.User@25dee10d]
2026-07-09T21:13:16.621+08:00 DEBUG 6128 --- [o-auto-1-exec-2] o.s.web.servlet.DispatcherServlet        : POST "/api/users/register", parameters={}
2026-07-09T21:13:16.622+08:00 DEBUG 6128 --- [o-auto-1-exec-2] s.w.s.m.m.a.RequestMappingHandlerMapping : Mapped to com.admire.cars.runner.controller.UserController#registerUser(UserRequest)
2026-07-09T21:13:16.625+08:00 DEBUG 6128 --- [o-auto-1-exec-2] m.m.a.RequestResponseBodyMethodProcessor : Read "application/json;charset=UTF-8" to [com.admire.cars.runner.controller.UserController$UserRequest@47b982f8]
2026-07-09T21:13:16.635+08:00 DEBUG 6128 --- [o-auto-1-exec-2] o.s.w.s.m.m.a.HttpEntityMethodProcessor  : Using 'application/json', given [*/*] and supported [application/json, application/*+json, application/yaml]
2026-07-09T21:13:16.636+08:00 DEBUG 6128 --- [o-auto-1-exec-2] o.s.w.s.m.m.a.HttpEntityMethodProcessor  : Writing [{apiKey=18812345678, success=true, message=User registered successfully, userName=apikeyuser, userId (truncated)...]
2026-07-09T21:13:16.637+08:00 DEBUG 6128 --- [o-auto-1-exec-2] o.s.web.servlet.DispatcherServlet        : Completed 201 CREATED
2026-07-09T21:13:16.637+08:00 DEBUG 6128 --- [ctor-http-nio-4] o.s.w.r.f.client.ExchangeFunctions       : [4c60d61] [bbfc05b4-8] Response 201 CREATED
2026-07-09T21:13:16.639+08:00 DEBUG 6128 --- [ctor-http-nio-4] org.springframework.web.HttpLogging      : [4c60d61] [bbfc05b4-8] Decoded [{apiKey=18812345678, success=true, message=User registered successfully, userName=apikeyuser, userId (truncated)...]
2026-07-09T21:13:16.659+08:00 DEBUG 6128 --- [           main] o.s.w.r.f.client.ExchangeFunctions       : [6470078d] HTTP POST http://localhost:4767/api/users/register
2026-07-09T21:13:16.661+08:00 DEBUG 6128 --- [ctor-http-nio-4] org.springframework.web.HttpLogging      : [6470078d] Encoding [com.admire.cars.runner.entity.User@442ace1f]
2026-07-09T21:13:16.664+08:00 DEBUG 6128 --- [o-auto-1-exec-3] o.s.web.servlet.DispatcherServlet        : POST "/api/users/register", parameters={}
2026-07-09T21:13:16.664+08:00 DEBUG 6128 --- [o-auto-1-exec-3] s.w.s.m.m.a.RequestMappingHandlerMapping : Mapped to com.admire.cars.runner.controller.UserController#registerUser(UserRequest)
2026-07-09T21:13:16.665+08:00 DEBUG 6128 --- [o-auto-1-exec-3] m.m.a.RequestResponseBodyMethodProcessor : Read "application/json;charset=UTF-8" to [com.admire.cars.runner.controller.UserController$UserRequest@3b7ea87f]
2026-07-09T21:13:16.679+08:00 DEBUG 6128 --- [o-auto-1-exec-3] o.s.w.s.m.m.a.HttpEntityMethodProcessor  : Using 'application/json', given [*/*] and supported [application/json, application/*+json, application/yaml]
2026-07-09T21:13:16.679+08:00 DEBUG 6128 --- [o-auto-1-exec-3] o.s.w.s.m.m.a.HttpEntityMethodProcessor  : Writing [{apiKey=19912345678, success=true, message=User registered successfully, userName=consumeruser, user (truncated)...]
2026-07-09T21:13:16.681+08:00 DEBUG 6128 --- [o-auto-1-exec-3] o.s.web.servlet.DispatcherServlet        : Completed 201 CREATED
2026-07-09T21:13:16.682+08:00 DEBUG 6128 --- [ctor-http-nio-4] o.s.w.r.f.client.ExchangeFunctions       : [6470078d] [bbfc05b4-9] Response 201 CREATED
2026-07-09T21:13:16.684+08:00 DEBUG 6128 --- [           main] o.s.w.r.f.client.ExchangeFunctions       : [72b16e26] HTTP GET http://localhost:4767/api/normal/ads
2026-07-09T21:13:16.690+08:00 DEBUG 6128 --- [o-auto-1-exec-4] o.s.web.servlet.DispatcherServlet        : GET "/api/normal/ads?campain_name=Summer%20Sale&api_key=19912345678", parameters={masked}
2026-07-09T21:13:16.690+08:00 DEBUG 6128 --- [o-auto-1-exec-4] s.w.s.m.m.a.RequestMappingHandlerMapping : Mapped to com.admire.cars.runner.controller.AdsApiConsumeController#consumeNormalAds(String, String, String, String)
2026-07-09T21:13:16.706+08:00 DEBUG 6128 --- [o-auto-1-exec-4] o.s.w.s.m.m.a.HttpEntityMethodProcessor  : Using 'application/json', given [*/*] and supported [application/json, application/*+json, application/yaml]
2026-07-09T21:13:16.706+08:00 DEBUG 6128 --- [o-auto-1-exec-4] o.s.w.s.m.m.a.HttpEntityMethodProcessor  : Writing [{success=true, adsType=normal, uniqueUrl=https://ads.local/normal/Summer%20Sale/0062dc46-4594-443e-9 (truncated)...]
2026-07-09T21:13:16.708+08:00 DEBUG 6128 --- [o-auto-1-exec-4] o.s.web.servlet.DispatcherServlet        : Completed 200 OK
2026-07-09T21:13:16.709+08:00 DEBUG 6128 --- [ctor-http-nio-6] o.s.w.r.f.client.ExchangeFunctions       : [72b16e26] [9781a2fd-1] Response 200 OK
2026-07-09T21:13:16.711+08:00 DEBUG 6128 --- [ctor-http-nio-6] org.springframework.web.HttpLogging      : [72b16e26] [9781a2fd-1] Decoded [{success=true, adsType=normal, uniqueUrl=https://ads.local/normal/Summer%20Sale/0062dc46-4594-443e-9 (truncated)...]
2026-07-09T21:13:16.713+08:00 DEBUG 6128 --- [           main] o.s.w.r.f.client.ExchangeFunctions       : [b420d9e] HTTP GET http://localhost:4767/api/matrix/ads
2026-07-09T21:13:16.715+08:00 DEBUG 6128 --- [o-auto-1-exec-5] o.s.web.servlet.DispatcherServlet        : GET "/api/matrix/ads?campain_name=Summer%20Sale%20Matrix", parameters={masked}
2026-07-09T21:13:16.717+08:00 DEBUG 6128 --- [o-auto-1-exec-5] s.w.s.m.m.a.RequestMappingHandlerMapping : Mapped to com.admire.cars.runner.controller.AdsApiConsumeController#consumeMatrixAds(String, String, String, String)
2026-07-09T21:13:16.722+08:00 DEBUG 6128 --- [o-auto-1-exec-5] o.s.w.s.m.m.a.HttpEntityMethodProcessor  : Using 'application/json', given [*/*] and supported [application/json, application/*+json, application/yaml]
2026-07-09T21:13:16.723+08:00 DEBUG 6128 --- [o-auto-1-exec-5] o.s.w.s.m.m.a.HttpEntityMethodProcessor  : Writing [{success=true, adsType=matrix, uniqueUrl=https://ads.local/matrix/Summer%20Sale%20Matrix/5267ca28-63 (truncated)...]
2026-07-09T21:13:16.725+08:00 DEBUG 6128 --- [o-auto-1-exec-5] o.s.web.servlet.DispatcherServlet        : Completed 200 OK
2026-07-09T21:13:16.726+08:00 DEBUG 6128 --- [ctor-http-nio-6] o.s.w.r.f.client.ExchangeFunctions       : [b420d9e] [9781a2fd-2] Response 200 OK
2026-07-09T21:13:16.729+08:00 DEBUG 6128 --- [ctor-http-nio-6] org.springframework.web.HttpLogging      : [b420d9e] [9781a2fd-2] Decoded [{success=true, adsType=matrix, uniqueUrl=https://ads.local/matrix/Summer%20Sale%20Matrix/5267ca28-63 (truncated)...]
2026-07-09T21:13:16.750+08:00 DEBUG 6128 --- [           main] o.s.w.r.f.client.ExchangeFunctions       : [4ae8de09] HTTP POST http://localhost:4767/api/users/register
2026-07-09T21:13:16.752+08:00 DEBUG 6128 --- [ctor-http-nio-6] org.springframework.web.HttpLogging      : [4ae8de09] Encoding [com.admire.cars.runner.entity.User@289e50f5]
2026-07-09T21:13:16.756+08:00 DEBUG 6128 --- [o-auto-1-exec-6] o.s.web.servlet.DispatcherServlet        : POST "/api/users/register", parameters={}
2026-07-09T21:13:16.757+08:00 DEBUG 6128 --- [o-auto-1-exec-6] s.w.s.m.m.a.RequestMappingHandlerMapping : Mapped to com.admire.cars.runner.controller.UserController#registerUser(UserRequest)
2026-07-09T21:13:16.759+08:00 DEBUG 6128 --- [o-auto-1-exec-6] m.m.a.RequestResponseBodyMethodProcessor : Read "application/json;charset=UTF-8" to [com.admire.cars.runner.controller.UserController$UserRequest@43678473]
2026-07-09T21:13:16.769+08:00 DEBUG 6128 --- [o-auto-1-exec-6] o.s.w.s.m.m.a.HttpEntityMethodProcessor  : Using 'application/json', given [*/*] and supported [application/json, application/*+json, application/yaml]
2026-07-09T21:13:16.769+08:00 DEBUG 6128 --- [o-auto-1-exec-6] o.s.w.s.m.m.a.HttpEntityMethodProcessor  : Writing [{apiKey=1234567890, success=true, message=User registered successfully, userName=testuser, userId=8}]
2026-07-09T21:13:16.771+08:00 DEBUG 6128 --- [o-auto-1-exec-6] o.s.web.servlet.DispatcherServlet        : Completed 201 CREATED
2026-07-09T21:13:16.773+08:00 DEBUG 6128 --- [ctor-http-nio-6] o.s.w.r.f.client.ExchangeFunctions       : [4ae8de09] [9781a2fd-3] Response 201 CREATED
2026-07-09T21:13:16.774+08:00 DEBUG 6128 --- [           main] o.s.w.r.f.client.ExchangeFunctions       : [5b6b14a6] HTTP POST http://localhost:4767/api/auth/login
2026-07-09T21:13:16.779+08:00 DEBUG 6128 --- [ctor-http-nio-8] org.springframework.web.HttpLogging      : [5b6b14a6] Encoding [{password=pass123, username=testuser}]
2026-07-09T21:13:16.783+08:00 DEBUG 6128 --- [o-auto-1-exec-7] o.s.web.servlet.DispatcherServlet        : POST "/api/auth/login", parameters={}
2026-07-09T21:13:16.783+08:00 DEBUG 6128 --- [o-auto-1-exec-7] s.w.s.m.m.a.RequestMappingHandlerMapping : Mapped to com.admire.cars.runner.controller.AuthController#login(LoginRequest)
2026-07-09T21:13:16.784+08:00 DEBUG 6128 --- [o-auto-1-exec-7] m.m.a.RequestResponseBodyMethodProcessor : Read "application/json;charset=UTF-8" to [com.admire.cars.runner.controller.AuthController$LoginRequest@5b2a74d9]
2026-07-09T21:13:16.794+08:00 DEBUG 6128 --- [o-auto-1-exec-7] o.s.w.s.m.m.a.HttpEntityMethodProcessor  : Using 'application/json', given [*/*] and supported [application/json, application/*+json, application/yaml]
2026-07-09T21:13:16.795+08:00 DEBUG 6128 --- [o-auto-1-exec-7] o.s.w.s.m.m.a.HttpEntityMethodProcessor  : Writing [LoginResponse[amToken=eyJhbGciOiJIUzI1NiJ9.eyJzdWIiOiIxMjM0NTY3ODkwIiwiaWF0IjoxNzgzNjAyNzk2LCJwIjoiO (truncated)...]
2026-07-09T21:13:16.796+08:00 DEBUG 6128 --- [o-auto-1-exec-7] o.s.web.servlet.DispatcherServlet        : Completed 200 OK
2026-07-09T21:13:16.797+08:00 DEBUG 6128 --- [ctor-http-nio-8] o.s.w.r.f.client.ExchangeFunctions       : [5b6b14a6] [a184529f-1] Response 200 OK
2026-07-09T21:13:16.799+08:00 DEBUG 6128 --- [ctor-http-nio-8] org.springframework.web.HttpLogging      : [5b6b14a6] [a184529f-1] Decoded [{amToken=eyJhbGciOiJIUzI1NiJ9.eyJzdWIiOiIxMjM0NTY3ODkwIiwiaWF0IjoxNzgzNjAyNzk2LCJwIjoiOWI4NzY5YTRhNz (truncated)...]
2026-07-09T21:13:16.800+08:00 DEBUG 6128 --- [           main] o.s.w.r.f.client.ExchangeFunctions       : [367e6aa4] HTTP GET http://localhost:4767/api/secure/ping
2026-07-09T21:13:16.803+08:00 DEBUG 6128 --- [o-auto-1-exec-8] o.s.web.servlet.DispatcherServlet        : GET "/api/secure/ping", parameters={}
2026-07-09T21:13:16.804+08:00 DEBUG 6128 --- [o-auto-1-exec-8] s.w.s.m.m.a.RequestMappingHandlerMapping : Mapped to com.admire.cars.runner.controller.SecureController#ping(HttpServletRequest)
2026-07-09T21:13:16.812+08:00 DEBUG 6128 --- [o-auto-1-exec-8] o.s.w.s.m.m.a.HttpEntityMethodProcessor  : Using 'application/json', given [*/*] and supported [application/json, application/*+json, application/yaml]
2026-07-09T21:13:16.813+08:00 DEBUG 6128 --- [o-auto-1-exec-8] o.s.w.s.m.m.a.HttpEntityMethodProcessor  : Writing [{ok=true, message=Authenticated access successful, userId=8}]
2026-07-09T21:13:16.814+08:00 DEBUG 6128 --- [o-auto-1-exec-8] o.s.web.servlet.DispatcherServlet        : Completed 200 OK
2026-07-09T21:13:16.815+08:00 DEBUG 6128 --- [ctor-http-nio-8] o.s.w.r.f.client.ExchangeFunctions       : [367e6aa4] [a184529f-2] Response 200 OK
2026-07-09T21:13:16.817+08:00 DEBUG 6128 --- [           main] o.s.w.r.f.client.ExchangeFunctions       : [6e858790] HTTP POST http://localhost:4767/api/auth/logout
2026-07-09T21:13:16.823+08:00 DEBUG 6128 --- [o-auto-1-exec-9] o.s.web.servlet.DispatcherServlet        : POST "/api/auth/logout", parameters={}
2026-07-09T21:13:16.823+08:00 DEBUG 6128 --- [o-auto-1-exec-9] s.w.s.m.m.a.RequestMappingHandlerMapping : Mapped to com.admire.cars.runner.controller.AuthController#logout(String, String)
2026-07-09T21:13:16.833+08:00 DEBUG 6128 --- [o-auto-1-exec-9] o.s.w.s.m.m.a.HttpEntityMethodProcessor  : Using 'application/json', given [*/*] and supported [application/json, application/*+json, application/yaml]
2026-07-09T21:13:16.834+08:00 DEBUG 6128 --- [o-auto-1-exec-9] o.s.w.s.m.m.a.HttpEntityMethodProcessor  : Nothing to write: null body
2026-07-09T21:13:16.834+08:00 DEBUG 6128 --- [o-auto-1-exec-9] o.s.web.servlet.DispatcherServlet        : Completed 200 OK
2026-07-09T21:13:16.836+08:00 DEBUG 6128 --- [tor-http-nio-10] o.s.w.r.f.client.ExchangeFunctions       : [6e858790] [ae310cba-1] Response 200 OK
2026-07-09T21:13:16.837+08:00 DEBUG 6128 --- [           main] o.s.w.r.f.client.ExchangeFunctions       : [621104df] HTTP GET http://localhost:4767/api/secure/ping
2026-07-09T21:13:16.840+08:00 DEBUG 6128 --- [-auto-1-exec-10] o.s.web.servlet.DispatcherServlet        : GET "/api/secure/ping", parameters={}
2026-07-09T21:13:16.841+08:00 DEBUG 6128 --- [-auto-1-exec-10] s.w.s.m.m.a.RequestMappingHandlerMapping : Mapped to com.admire.cars.runner.controller.SecureController#ping(HttpServletRequest)
2026-07-09T21:13:16.844+08:00 DEBUG 6128 --- [-auto-1-exec-10] o.s.web.servlet.DispatcherServlet        : Completed 401 UNAUTHORIZED
2026-07-09T21:13:16.846+08:00 DEBUG 6128 --- [tor-http-nio-10] o.s.w.r.f.client.ExchangeFunctions       : [621104df] [ae310cba-2] Response 401 UNAUTHORIZED
2026-07-09T21:13:16.868+08:00 DEBUG 6128 --- [           main] o.s.w.r.f.client.ExchangeFunctions       : [24328fca] HTTP POST http://localhost:4767/api/users/register
2026-07-09T21:13:16.870+08:00 DEBUG 6128 --- [tor-http-nio-10] org.springframework.web.HttpLogging      : [24328fca] Encoding [com.admire.cars.runner.entity.User@396d0e3b]
2026-07-09T21:13:16.873+08:00 DEBUG 6128 --- [o-auto-1-exec-1] o.s.web.servlet.DispatcherServlet        : POST "/api/users/register", parameters={}
2026-07-09T21:13:16.874+08:00 DEBUG 6128 --- [o-auto-1-exec-1] s.w.s.m.m.a.RequestMappingHandlerMapping : Mapped to com.admire.cars.runner.controller.UserController#registerUser(UserRequest)
2026-07-09T21:13:16.876+08:00 DEBUG 6128 --- [o-auto-1-exec-1] m.m.a.RequestResponseBodyMethodProcessor : Read "application/json;charset=UTF-8" to [com.admire.cars.runner.controller.UserController$UserRequest@211a3c24]
2026-07-09T21:13:16.887+08:00 DEBUG 6128 --- [o-auto-1-exec-1] o.s.w.s.m.m.a.HttpEntityMethodProcessor  : Using 'application/json', given [*/*] and supported [application/json, application/*+json, application/yaml]
2026-07-09T21:13:16.887+08:00 DEBUG 6128 --- [o-auto-1-exec-1] o.s.w.s.m.m.a.HttpEntityMethodProcessor  : Writing [{apiKey=1111111111, success=true, message=User registered successfully, userName=pageduser1, userId= (truncated)...]
2026-07-09T21:13:16.889+08:00 DEBUG 6128 --- [o-auto-1-exec-1] o.s.web.servlet.DispatcherServlet        : Completed 201 CREATED
2026-07-09T21:13:16.890+08:00 DEBUG 6128 --- [tor-http-nio-10] o.s.w.r.f.client.ExchangeFunctions       : [24328fca] [ae310cba-3] Response 201 CREATED
2026-07-09T21:13:16.891+08:00 DEBUG 6128 --- [           main] o.s.w.r.f.client.ExchangeFunctions       : [66c935db] HTTP POST http://localhost:4767/api/users/register
2026-07-09T21:13:16.895+08:00 DEBUG 6128 --- [tor-http-nio-12] org.springframework.web.HttpLogging      : [66c935db] Encoding [com.admire.cars.runner.entity.User@70ba699e]
2026-07-09T21:13:16.902+08:00 DEBUG 6128 --- [o-auto-1-exec-2] o.s.web.servlet.DispatcherServlet        : POST "/api/users/register", parameters={}
2026-07-09T21:13:16.903+08:00 DEBUG 6128 --- [o-auto-1-exec-2] s.w.s.m.m.a.RequestMappingHandlerMapping : Mapped to com.admire.cars.runner.controller.UserController#registerUser(UserRequest)
2026-07-09T21:13:16.905+08:00 DEBUG 6128 --- [o-auto-1-exec-2] m.m.a.RequestResponseBodyMethodProcessor : Read "application/json;charset=UTF-8" to [com.admire.cars.runner.controller.UserController$UserRequest@baf9a02]
2026-07-09T21:13:16.916+08:00 DEBUG 6128 --- [o-auto-1-exec-2] o.s.w.s.m.m.a.HttpEntityMethodProcessor  : Using 'application/json', given [*/*] and supported [application/json, application/*+json, application/yaml]
2026-07-09T21:13:16.917+08:00 DEBUG 6128 --- [o-auto-1-exec-2] o.s.w.s.m.m.a.HttpEntityMethodProcessor  : Writing [{apiKey=2222222222, success=true, message=User registered successfully, userName=pageduser2, userId= (truncated)...]
2026-07-09T21:13:16.918+08:00 DEBUG 6128 --- [o-auto-1-exec-2] o.s.web.servlet.DispatcherServlet        : Completed 201 CREATED
2026-07-09T21:13:16.919+08:00 DEBUG 6128 --- [tor-http-nio-12] o.s.w.r.f.client.ExchangeFunctions       : [66c935db] [cf8aea23-1] Response 201 CREATED
2026-07-09T21:13:16.923+08:00 DEBUG 6128 --- [           main] o.s.w.r.f.client.ExchangeFunctions       : [c94f221] HTTP POST http://localhost:4767/api/auth/login
2026-07-09T21:13:16.926+08:00 DEBUG 6128 --- [ctor-http-nio-2] org.springframework.web.HttpLogging      : [c94f221] Encoding [{password=pass123, username=pageduser1}]
2026-07-09T21:13:16.930+08:00 DEBUG 6128 --- [o-auto-1-exec-3] o.s.web.servlet.DispatcherServlet        : POST "/api/auth/login", parameters={}
2026-07-09T21:13:16.930+08:00 DEBUG 6128 --- [o-auto-1-exec-3] s.w.s.m.m.a.RequestMappingHandlerMapping : Mapped to com.admire.cars.runner.controller.AuthController#login(LoginRequest)
2026-07-09T21:13:16.931+08:00 DEBUG 6128 --- [o-auto-1-exec-3] m.m.a.RequestResponseBodyMethodProcessor : Read "application/json;charset=UTF-8" to [com.admire.cars.runner.controller.AuthController$LoginRequest@7794d480]
2026-07-09T21:13:16.943+08:00 DEBUG 6128 --- [o-auto-1-exec-3] o.s.w.s.m.m.a.HttpEntityMethodProcessor  : Using 'application/json', given [*/*] and supported [application/json, application/*+json, application/yaml]
2026-07-09T21:13:16.944+08:00 DEBUG 6128 --- [o-auto-1-exec-3] o.s.w.s.m.m.a.HttpEntityMethodProcessor  : Writing [LoginResponse[amToken=eyJhbGciOiJIUzI1NiJ9.eyJzdWIiOiIxMTExMTExMTExIiwiaWF0IjoxNzgzNjAyNzk2LCJwIjoiO (truncated)...]
2026-07-09T21:13:16.946+08:00 DEBUG 6128 --- [o-auto-1-exec-3] o.s.web.servlet.DispatcherServlet        : Completed 200 OK
2026-07-09T21:13:16.948+08:00 DEBUG 6128 --- [ctor-http-nio-2] o.s.w.r.f.client.ExchangeFunctions       : [c94f221] [643100f0-1] Response 200 OK
2026-07-09T21:13:16.950+08:00 DEBUG 6128 --- [ctor-http-nio-2] org.springframework.web.HttpLogging      : [c94f221] [643100f0-1] Decoded [{amToken=eyJhbGciOiJIUzI1NiJ9.eyJzdWIiOiIxMTExMTExMTExIiwiaWF0IjoxNzgzNjAyNzk2LCJwIjoiOWI4NzY5YTRhNz (truncated)...]
2026-07-09T21:13:16.954+08:00 DEBUG 6128 --- [           main] o.s.w.r.f.client.ExchangeFunctions       : [adeb5a6] HTTP GET http://localhost:4767/api/users
2026-07-09T21:13:16.966+08:00 DEBUG 6128 --- [o-auto-1-exec-4] o.s.web.servlet.DispatcherServlet        : GET "/api/users?page=0&size=1&userName=pageduser", parameters={masked}
2026-07-09T21:13:16.967+08:00 DEBUG 6128 --- [o-auto-1-exec-4] s.w.s.m.m.a.RequestMappingHandlerMapping : Mapped to com.admire.cars.runner.controller.UserController#queryUsers(String, String, String, int, int)
2026-07-09T21:13:16.991+08:00 DEBUG 6128 --- [o-auto-1-exec-4] o.s.w.s.m.m.a.HttpEntityMethodProcessor  : Using 'application/json', given [*/*] and supported [application/json, application/*+json, application/yaml]
2026-07-09T21:13:16.992+08:00 DEBUG 6128 --- [o-auto-1-exec-4] o.s.w.s.m.m.a.HttpEntityMethodProcessor  : Writing [Page 1 of 2 containing com.admire.cars.runner.entity.User instances]
2026-07-09T21:13:16.997+08:00 DEBUG 6128 --- [o-auto-1-exec-4] o.s.web.servlet.DispatcherServlet        : Completed 200 OK
2026-07-09T21:13:16.997+08:00 DEBUG 6128 --- [ctor-http-nio-2] o.s.w.r.f.client.ExchangeFunctions       : [adeb5a6] [643100f0-2] Response 200 OK
2026-07-09T21:13:16.999+08:00 DEBUG 6128 --- [ctor-http-nio-2] org.springframework.web.HttpLogging      : [adeb5a6] [643100f0-2] Read 620 bytes
2026-07-09T21:13:17.007+08:00 DEBUG 6128 --- [           main] o.s.w.r.f.client.ExchangeFunctions       : [3a2227e8] HTTP GET http://localhost:4767/api/users
2026-07-09T21:13:17.010+08:00 DEBUG 6128 --- [o-auto-1-exec-5] o.s.web.servlet.DispatcherServlet        : GET "/api/users?page=0&size=10&phoneNumber=1111111111", parameters={masked}
2026-07-09T21:13:17.011+08:00 DEBUG 6128 --- [o-auto-1-exec-5] s.w.s.m.m.a.RequestMappingHandlerMapping : Mapped to com.admire.cars.runner.controller.UserController#queryUsers(String, String, String, int, int)
2026-07-09T21:13:17.024+08:00 DEBUG 6128 --- [o-auto-1-exec-5] o.s.w.s.m.m.a.HttpEntityMethodProcessor  : Using 'application/json', given [*/*] and supported [application/json, application/*+json, application/yaml]
2026-07-09T21:13:17.025+08:00 DEBUG 6128 --- [o-auto-1-exec-5] o.s.w.s.m.m.a.HttpEntityMethodProcessor  : Writing [Page 1 of 1 containing com.admire.cars.runner.entity.User instances]
2026-07-09T21:13:17.028+08:00 DEBUG 6128 --- [o-auto-1-exec-5] o.s.web.servlet.DispatcherServlet        : Completed 200 OK
2026-07-09T21:13:17.028+08:00 DEBUG 6128 --- [ctor-http-nio-2] o.s.w.r.f.client.ExchangeFunctions       : [3a2227e8] [643100f0-3] Response 200 OK
2026-07-09T21:13:17.030+08:00 DEBUG 6128 --- [ctor-http-nio-2] org.springframework.web.HttpLogging      : [3a2227e8] [643100f0-3] Read 620 bytes
2026-07-09T21:13:17.031+08:00 DEBUG 6128 --- [           main] o.s.w.r.f.client.ExchangeFunctions       : [156aba9a] HTTP GET http://localhost:4767/api/users
2026-07-09T21:13:17.034+08:00 DEBUG 6128 --- [o-auto-1-exec-6] o.s.web.servlet.DispatcherServlet        : GET "/api/users?page=0&size=10&email=pageduser2@example.com", parameters={masked}
2026-07-09T21:13:17.035+08:00 DEBUG 6128 --- [o-auto-1-exec-6] s.w.s.m.m.a.RequestMappingHandlerMapping : Mapped to com.admire.cars.runner.controller.UserController#queryUsers(String, String, String, int, int)
2026-07-09T21:13:17.049+08:00 DEBUG 6128 --- [o-auto-1-exec-6] o.s.w.s.m.m.a.HttpEntityMethodProcessor  : Using 'application/json', given [*/*] and supported [application/json, application/*+json, application/yaml]
2026-07-09T21:13:17.050+08:00 DEBUG 6128 --- [o-auto-1-exec-6] o.s.w.s.m.m.a.HttpEntityMethodProcessor  : Writing [Page 1 of 1 containing com.admire.cars.runner.entity.User instances]
2026-07-09T21:13:17.052+08:00 DEBUG 6128 --- [o-auto-1-exec-6] o.s.web.servlet.DispatcherServlet        : Completed 200 OK
2026-07-09T21:13:17.052+08:00 DEBUG 6128 --- [ctor-http-nio-2] o.s.w.r.f.client.ExchangeFunctions       : [156aba9a] [643100f0-4] Response 200 OK
2026-07-09T21:13:17.058+08:00 DEBUG 6128 --- [ctor-http-nio-2] org.springframework.web.HttpLogging      : [156aba9a] [643100f0-4] Read 621 bytes
2026-07-09T21:13:17.090+08:00 DEBUG 6128 --- [           main] o.s.w.r.f.client.ExchangeFunctions       : [4148a617] HTTP POST http://localhost:4767/api/users/register
2026-07-09T21:13:17.092+08:00 DEBUG 6128 --- [ctor-http-nio-2] org.springframework.web.HttpLogging      : [4148a617] Encoding [com.admire.cars.runner.entity.User@734278ba]
2026-07-09T21:13:17.094+08:00 DEBUG 6128 --- [o-auto-1-exec-7] o.s.web.servlet.DispatcherServlet        : POST "/api/users/register", parameters={}
2026-07-09T21:13:17.095+08:00 DEBUG 6128 --- [o-auto-1-exec-7] s.w.s.m.m.a.RequestMappingHandlerMapping : Mapped to com.admire.cars.runner.controller.UserController#registerUser(UserRequest)
2026-07-09T21:13:17.097+08:00 DEBUG 6128 --- [o-auto-1-exec-7] m.m.a.RequestResponseBodyMethodProcessor : Read "application/json;charset=UTF-8" to [com.admire.cars.runner.controller.UserController$UserRequest@5716e9bb]
2026-07-09T21:13:17.111+08:00 DEBUG 6128 --- [o-auto-1-exec-7] o.s.w.s.m.m.a.HttpEntityMethodProcessor  : Using 'application/json', given [*/*] and supported [application/json, application/*+json, application/yaml]
2026-07-09T21:13:17.111+08:00 DEBUG 6128 --- [o-auto-1-exec-7] o.s.w.s.m.m.a.HttpEntityMethodProcessor  : Writing [{apiKey=4444444444, success=true, message=User registered successfully, userName=platformadmin, user (truncated)...]
2026-07-09T21:13:17.114+08:00 DEBUG 6128 --- [o-auto-1-exec-7] o.s.web.servlet.DispatcherServlet        : Completed 201 CREATED
2026-07-09T21:13:17.114+08:00 DEBUG 6128 --- [ctor-http-nio-2] o.s.w.r.f.client.ExchangeFunctions       : [4148a617] [643100f0-5] Response 201 CREATED
2026-07-09T21:13:17.115+08:00 DEBUG 6128 --- [           main] o.s.w.r.f.client.ExchangeFunctions       : [6afec4b1] HTTP POST http://localhost:4767/api/auth/login
2026-07-09T21:13:17.119+08:00 DEBUG 6128 --- [ctor-http-nio-4] org.springframework.web.HttpLogging      : [6afec4b1] Encoding [{password=pass123, username=platformadmin}]
2026-07-09T21:13:17.121+08:00 DEBUG 6128 --- [o-auto-1-exec-8] o.s.web.servlet.DispatcherServlet        : POST "/api/auth/login", parameters={}
2026-07-09T21:13:17.122+08:00 DEBUG 6128 --- [o-auto-1-exec-8] s.w.s.m.m.a.RequestMappingHandlerMapping : Mapped to com.admire.cars.runner.controller.AuthController#login(LoginRequest)
2026-07-09T21:13:17.122+08:00 DEBUG 6128 --- [o-auto-1-exec-8] m.m.a.RequestResponseBodyMethodProcessor : Read "application/json;charset=UTF-8" to [com.admire.cars.runner.controller.AuthController$LoginRequest@3635306]
2026-07-09T21:13:17.130+08:00 DEBUG 6128 --- [o-auto-1-exec-8] o.s.w.s.m.m.a.HttpEntityMethodProcessor  : Using 'application/json', given [*/*] and supported [application/json, application/*+json, application/yaml]
2026-07-09T21:13:17.131+08:00 DEBUG 6128 --- [o-auto-1-exec-8] o.s.w.s.m.m.a.HttpEntityMethodProcessor  : Writing [LoginResponse[amToken=eyJhbGciOiJIUzI1NiJ9.eyJzdWIiOiI0NDQ0NDQ0NDQ0IiwiaWF0IjoxNzgzNjAyNzk3LCJwIjoiO (truncated)...]
2026-07-09T21:13:17.133+08:00 DEBUG 6128 --- [o-auto-1-exec-8] o.s.web.servlet.DispatcherServlet        : Completed 200 OK
2026-07-09T21:13:17.133+08:00 DEBUG 6128 --- [ctor-http-nio-4] o.s.w.r.f.client.ExchangeFunctions       : [6afec4b1] [f6c487ea-1] Response 200 OK
2026-07-09T21:13:17.135+08:00 DEBUG 6128 --- [ctor-http-nio-4] org.springframework.web.HttpLogging      : [6afec4b1] [f6c487ea-1] Decoded [{amToken=eyJhbGciOiJIUzI1NiJ9.eyJzdWIiOiI0NDQ0NDQ0NDQ0IiwiaWF0IjoxNzgzNjAyNzk3LCJwIjoiOWI4NzY5YTRhNz (truncated)...]
2026-07-09T21:13:17.136+08:00 DEBUG 6128 --- [           main] o.s.w.r.f.client.ExchangeFunctions       : [2a801d1e] HTTP POST http://localhost:4767/api/platforms
2026-07-09T21:13:17.138+08:00 DEBUG 6128 --- [ctor-http-nio-4] org.springframework.web.HttpLogging      : [2a801d1e] Encoding [{remarks=Search platform, paymentMethod=CPC, platformName=Google Ads}]
2026-07-09T21:13:17.140+08:00 DEBUG 6128 --- [o-auto-1-exec-9] o.s.web.servlet.DispatcherServlet        : POST "/api/platforms", parameters={}
2026-07-09T21:13:17.141+08:00 DEBUG 6128 --- [o-auto-1-exec-9] s.w.s.m.m.a.RequestMappingHandlerMapping : Mapped to com.admire.cars.runner.controller.AdsPlatformController#create(AdsPlatform)
2026-07-09T21:13:17.149+08:00 DEBUG 6128 --- [o-auto-1-exec-9] m.m.a.RequestResponseBodyMethodProcessor : Read "application/json;charset=UTF-8" to [com.admire.cars.runner.entity.AdsPlatform@1c680f72]
2026-07-09T21:13:17.158+08:00 DEBUG 6128 --- [o-auto-1-exec-9] o.s.w.s.m.m.a.HttpEntityMethodProcessor  : Using 'application/json', given [*/*] and supported [application/json, application/*+json, application/yaml]
2026-07-09T21:13:17.158+08:00 DEBUG 6128 --- [o-auto-1-exec-9] o.s.w.s.m.m.a.HttpEntityMethodProcessor  : Writing [{data=com.admire.cars.runner.entity.AdsPlatform@1c680f72, success=true, id=5, message=ADS_PLATFORM c (truncated)...]
2026-07-09T21:13:17.160+08:00 DEBUG 6128 --- [o-auto-1-exec-9] o.s.web.servlet.DispatcherServlet        : Completed 201 CREATED
2026-07-09T21:13:17.160+08:00 DEBUG 6128 --- [ctor-http-nio-4] o.s.w.r.f.client.ExchangeFunctions       : [2a801d1e] [f6c487ea-2] Response 201 CREATED
2026-07-09T21:13:17.162+08:00 DEBUG 6128 --- [ctor-http-nio-4] org.springframework.web.HttpLogging      : [2a801d1e] [f6c487ea-2] Decoded [{data={id=5, platformName=Google Ads, paymentMethod=CPC, remarks=Search platform}, success=true, id= (truncated)...]
2026-07-09T21:13:17.163+08:00 DEBUG 6128 --- [           main] o.s.w.r.f.client.ExchangeFunctions       : [36e74495] HTTP POST http://localhost:4767/api/platforms
2026-07-09T21:13:17.165+08:00 DEBUG 6128 --- [ctor-http-nio-4] org.springframework.web.HttpLogging      : [36e74495] Encoding [{remarks=Social platform, paymentMethod=CPM, platformName=Meta Ads}]
2026-07-09T21:13:17.167+08:00 DEBUG 6128 --- [-auto-1-exec-10] o.s.web.servlet.DispatcherServlet        : POST "/api/platforms", parameters={}
2026-07-09T21:13:17.167+08:00 DEBUG 6128 --- [-auto-1-exec-10] s.w.s.m.m.a.RequestMappingHandlerMapping : Mapped to com.admire.cars.runner.controller.AdsPlatformController#create(AdsPlatform)
2026-07-09T21:13:17.174+08:00 DEBUG 6128 --- [-auto-1-exec-10] m.m.a.RequestResponseBodyMethodProcessor : Read "application/json;charset=UTF-8" to [com.admire.cars.runner.entity.AdsPlatform@4690465]
2026-07-09T21:13:17.182+08:00 DEBUG 6128 --- [-auto-1-exec-10] o.s.w.s.m.m.a.HttpEntityMethodProcessor  : Using 'application/json', given [*/*] and supported [application/json, application/*+json, application/yaml]
2026-07-09T21:13:17.183+08:00 DEBUG 6128 --- [-auto-1-exec-10] o.s.w.s.m.m.a.HttpEntityMethodProcessor  : Writing [{data=com.admire.cars.runner.entity.AdsPlatform@4690465, success=true, id=6, message=ADS_PLATFORM cr (truncated)...]
2026-07-09T21:13:17.184+08:00 DEBUG 6128 --- [-auto-1-exec-10] o.s.web.servlet.DispatcherServlet        : Completed 201 CREATED
2026-07-09T21:13:17.185+08:00 DEBUG 6128 --- [ctor-http-nio-4] o.s.w.r.f.client.ExchangeFunctions       : [36e74495] [f6c487ea-3] Response 201 CREATED
2026-07-09T21:13:17.186+08:00 DEBUG 6128 --- [           main] o.s.w.r.f.client.ExchangeFunctions       : [321b3440] HTTP GET http://localhost:4767/api/platforms
2026-07-09T21:13:17.191+08:00 DEBUG 6128 --- [o-auto-1-exec-1] o.s.web.servlet.DispatcherServlet        : GET "/api/platforms?page=0&size=1", parameters={masked}
2026-07-09T21:13:17.192+08:00 DEBUG 6128 --- [o-auto-1-exec-1] s.w.s.m.m.a.RequestMappingHandlerMapping : Mapped to com.admire.cars.runner.controller.AdsPlatformController#getAll(int, int)
2026-07-09T21:13:17.213+08:00 DEBUG 6128 --- [o-auto-1-exec-1] o.s.w.s.m.m.a.HttpEntityMethodProcessor  : Using 'application/json', given [*/*] and supported [application/json, application/*+json, application/yaml]
2026-07-09T21:13:17.213+08:00 DEBUG 6128 --- [o-auto-1-exec-1] o.s.w.s.m.m.a.HttpEntityMethodProcessor  : Writing [Page 1 of 6 containing com.admire.cars.runner.entity.AdsPlatform instances]
2026-07-09T21:13:17.216+08:00 DEBUG 6128 --- [o-auto-1-exec-1] o.s.web.servlet.DispatcherServlet        : Completed 200 OK
2026-07-09T21:13:17.216+08:00 DEBUG 6128 --- [ctor-http-nio-6] o.s.w.r.f.client.ExchangeFunctions       : [321b3440] [6041e6c2-1] Response 200 OK
2026-07-09T21:13:17.219+08:00 DEBUG 6128 --- [ctor-http-nio-6] org.springframework.web.HttpLogging      : [321b3440] [6041e6c2-1] Read 401 bytes
2026-07-09T21:13:17.220+08:00 DEBUG 6128 --- [           main] o.s.w.r.f.client.ExchangeFunctions       : [2e5ca5fe] HTTP GET http://localhost:4767/api/platforms/5
2026-07-09T21:13:17.222+08:00 DEBUG 6128 --- [o-auto-1-exec-2] o.s.web.servlet.DispatcherServlet        : GET "/api/platforms/5", parameters={}
2026-07-09T21:13:17.223+08:00 DEBUG 6128 --- [o-auto-1-exec-2] s.w.s.m.m.a.RequestMappingHandlerMapping : Mapped to com.admire.cars.runner.controller.AdsPlatformController#getById(Long)
2026-07-09T21:13:17.241+08:00 DEBUG 6128 --- [o-auto-1-exec-2] o.s.w.s.m.m.a.HttpEntityMethodProcessor  : Using 'application/json', given [*/*] and supported [application/json, application/*+json, application/yaml]
2026-07-09T21:13:17.241+08:00 DEBUG 6128 --- [o-auto-1-exec-2] o.s.w.s.m.m.a.HttpEntityMethodProcessor  : Writing [com.admire.cars.runner.entity.AdsPlatform@7c49d70]
2026-07-09T21:13:17.243+08:00 DEBUG 6128 --- [o-auto-1-exec-2] o.s.web.servlet.DispatcherServlet        : Completed 200 OK
2026-07-09T21:13:17.244+08:00 DEBUG 6128 --- [ctor-http-nio-6] o.s.w.r.f.client.ExchangeFunctions       : [2e5ca5fe] [6041e6c2-2] Response 200 OK
2026-07-09T21:13:17.246+08:00 ERROR 6128 --- [ctor-http-nio-6] io.netty.util.ResourceLeakDetector       : LEAK: ByteBuf.release() was not called before it's garbage-collected. See https://netty.io/wiki/reference-counted-objects.html for more information.
Recent access records: 
Created at:
	io.netty.buffer.AdaptiveByteBufAllocator.newDirectBuffer(AdaptiveByteBufAllocator.java:67)
	io.netty.buffer.AbstractByteBufAllocator.directBuffer(AbstractByteBufAllocator.java:168)
	io.netty.buffer.AbstractByteBufAllocator.directBuffer(AbstractByteBufAllocator.java:159)
	io.netty.buffer.AbstractByteBufAllocator.ioBuffer(AbstractByteBufAllocator.java:120)
	io.netty.channel.DefaultMaxMessagesRecvByteBufAllocator$MaxMessageHandle.allocate(DefaultMaxMessagesRecvByteBufAllocator.java:120)
	io.netty.channel.nio.AbstractNioByteChannel$NioByteUnsafe.read(AbstractNioByteChannel.java:160)
	io.netty.channel.nio.AbstractNioChannel$AbstractNioUnsafe.handle(AbstractNioChannel.java:445)
	io.netty.channel.nio.NioIoHandler$DefaultNioRegistration.handle(NioIoHandler.java:388)
	io.netty.channel.nio.NioIoHandler.processSelectedKey(NioIoHandler.java:596)
	io.netty.channel.nio.NioIoHandler.processSelectedKeysOptimized(NioIoHandler.java:571)
	io.netty.channel.nio.NioIoHandler.processSelectedKeys(NioIoHandler.java:512)
	io.netty.channel.nio.NioIoHandler.run(NioIoHandler.java:484)
	io.netty.channel.SingleThreadIoEventLoop.runIo(SingleThreadIoEventLoop.java:225)
	io.netty.channel.SingleThreadIoEventLoop.run(SingleThreadIoEventLoop.java:196)
	io.netty.util.concurrent.SingleThreadEventExecutor$5.run(SingleThreadEventExecutor.java:1195)
	io.netty.util.internal.ThreadExecutorMap$2.run(ThreadExecutorMap.java:74)
	io.netty.util.concurrent.FastThreadLocalRunnable.run(FastThreadLocalRunnable.java:30)
	java.base/java.lang.Thread.run(Thread.java:842)
2026-07-09T21:13:17.247+08:00 DEBUG 6128 --- [ctor-http-nio-6] org.springframework.web.HttpLogging      : [2e5ca5fe] [6041e6c2-2] Read 86 bytes
2026-07-09T21:13:17.248+08:00 DEBUG 6128 --- [           main] o.s.w.r.f.client.ExchangeFunctions       : [49e35c6] HTTP PUT http://localhost:4767/api/platforms/5
2026-07-09T21:13:17.249+08:00 DEBUG 6128 --- [ctor-http-nio-6] org.springframework.web.HttpLogging      : [49e35c6] Encoding [{remarks=Updated platform, paymentMethod=CPA}]
2026-07-09T21:13:17.252+08:00 DEBUG 6128 --- [o-auto-1-exec-3] o.s.web.servlet.DispatcherServlet        : PUT "/api/platforms/5", parameters={}
2026-07-09T21:13:17.254+08:00 DEBUG 6128 --- [o-auto-1-exec-3] s.w.s.m.m.a.RequestMappingHandlerMapping : Mapped to com.admire.cars.runner.controller.AdsPlatformController#update(Long, AdsPlatform)
2026-07-09T21:13:17.261+08:00 DEBUG 6128 --- [o-auto-1-exec-3] m.m.a.RequestResponseBodyMethodProcessor : Read "application/json;charset=UTF-8" to [com.admire.cars.runner.entity.AdsPlatform@75344bc7]
2026-07-09T21:13:17.280+08:00 DEBUG 6128 --- [o-auto-1-exec-3] o.s.w.s.m.m.a.HttpEntityMethodProcessor  : Using 'application/json', given [*/*] and supported [application/json, application/*+json, application/yaml]
2026-07-09T21:13:17.280+08:00 DEBUG 6128 --- [o-auto-1-exec-3] o.s.w.s.m.m.a.HttpEntityMethodProcessor  : Writing [{data=com.admire.cars.runner.entity.AdsPlatform@3573d616, success=true, message=ADS_PLATFORM updated (truncated)...]
2026-07-09T21:13:17.282+08:00 DEBUG 6128 --- [o-auto-1-exec-3] o.s.web.servlet.DispatcherServlet        : Completed 200 OK
2026-07-09T21:13:17.283+08:00 DEBUG 6128 --- [ctor-http-nio-6] o.s.w.r.f.client.ExchangeFunctions       : [49e35c6] [6041e6c2-3] Response 200 OK
2026-07-09T21:13:17.285+08:00 DEBUG 6128 --- [ctor-http-nio-6] org.springframework.web.HttpLogging      : [49e35c6] [6041e6c2-3] Read 157 bytes
2026-07-09T21:13:17.286+08:00 DEBUG 6128 --- [           main] o.s.w.r.f.client.ExchangeFunctions       : [8d11a2c] HTTP DELETE http://localhost:4767/api/platforms/5
2026-07-09T21:13:17.289+08:00 DEBUG 6128 --- [o-auto-1-exec-4] o.s.web.servlet.DispatcherServlet        : DELETE "/api/platforms/5", parameters={}
2026-07-09T21:13:17.290+08:00 DEBUG 6128 --- [o-auto-1-exec-4] s.w.s.m.m.a.RequestMappingHandlerMapping : Mapped to com.admire.cars.runner.controller.AdsPlatformController#delete(Long)
2026-07-09T21:13:17.303+08:00 DEBUG 6128 --- [o-auto-1-exec-4] o.s.w.s.m.m.a.HttpEntityMethodProcessor  : Using 'application/json', given [*/*] and supported [application/json, application/*+json, application/yaml]
2026-07-09T21:13:17.304+08:00 DEBUG 6128 --- [o-auto-1-exec-4] o.s.w.s.m.m.a.HttpEntityMethodProcessor  : Writing [{success=true, message=ADS_PLATFORM deleted successfully}]
2026-07-09T21:13:17.304+08:00 DEBUG 6128 --- [o-auto-1-exec-4] o.s.web.servlet.DispatcherServlet        : Completed 200 OK
2026-07-09T21:13:17.304+08:00 DEBUG 6128 --- [ctor-http-nio-6] o.s.w.r.f.client.ExchangeFunctions       : [8d11a2c] [6041e6c2-4] Response 200 OK
2026-07-09T21:13:17.318+08:00 DEBUG 6128 --- [           main] o.s.w.r.f.client.ExchangeFunctions       : [5d7efdb4] HTTP POST http://localhost:4767/api/users/register
2026-07-09T21:13:17.322+08:00 DEBUG 6128 --- [ctor-http-nio-8] org.springframework.web.HttpLogging      : [5d7efdb4] Encoding [com.admire.cars.runner.entity.User@5bac35b6]
2026-07-09T21:13:17.325+08:00 DEBUG 6128 --- [o-auto-1-exec-5] o.s.web.servlet.DispatcherServlet        : POST "/api/users/register", parameters={}
2026-07-09T21:13:17.326+08:00 DEBUG 6128 --- [o-auto-1-exec-5] s.w.s.m.m.a.RequestMappingHandlerMapping : Mapped to com.admire.cars.runner.controller.UserController#registerUser(UserRequest)
2026-07-09T21:13:17.327+08:00 DEBUG 6128 --- [o-auto-1-exec-5] m.m.a.RequestResponseBodyMethodProcessor : Read "application/json;charset=UTF-8" to [com.admire.cars.runner.controller.UserController$UserRequest@1d808181]
2026-07-09T21:13:17.341+08:00 DEBUG 6128 --- [o-auto-1-exec-5] o.s.w.s.m.m.a.HttpEntityMethodProcessor  : Using 'application/json', given [*/*] and supported [application/json, application/*+json, application/yaml]
2026-07-09T21:13:17.342+08:00 DEBUG 6128 --- [o-auto-1-exec-5] o.s.w.s.m.m.a.HttpEntityMethodProcessor  : Writing [{apiKey=3333333333, success=true, message=User registered successfully, userName=roleadmin, userId=1 (truncated)...]
2026-07-09T21:13:17.343+08:00 DEBUG 6128 --- [o-auto-1-exec-5] o.s.web.servlet.DispatcherServlet        : Completed 201 CREATED
2026-07-09T21:13:17.343+08:00 DEBUG 6128 --- [ctor-http-nio-8] o.s.w.r.f.client.ExchangeFunctions       : [5d7efdb4] [d4a842e1-1] Response 201 CREATED
2026-07-09T21:13:17.345+08:00 DEBUG 6128 --- [           main] o.s.w.r.f.client.ExchangeFunctions       : [22b0c1cf] HTTP POST http://localhost:4767/api/auth/login
2026-07-09T21:13:17.349+08:00 DEBUG 6128 --- [tor-http-nio-10] org.springframework.web.HttpLogging      : [22b0c1cf] Encoding [{password=pass123, username=roleadmin}]
2026-07-09T21:13:17.352+08:00 DEBUG 6128 --- [o-auto-1-exec-6] o.s.web.servlet.DispatcherServlet        : POST "/api/auth/login", parameters={}
2026-07-09T21:13:17.353+08:00 DEBUG 6128 --- [o-auto-1-exec-6] s.w.s.m.m.a.RequestMappingHandlerMapping : Mapped to com.admire.cars.runner.controller.AuthController#login(LoginRequest)
2026-07-09T21:13:17.357+08:00 DEBUG 6128 --- [o-auto-1-exec-6] m.m.a.RequestResponseBodyMethodProcessor : Read "application/json;charset=UTF-8" to [com.admire.cars.runner.controller.AuthController$LoginRequest@73c33613]
2026-07-09T21:13:17.365+08:00 DEBUG 6128 --- [o-auto-1-exec-6] o.s.w.s.m.m.a.HttpEntityMethodProcessor  : Using 'application/json', given [*/*] and supported [application/json, application/*+json, application/yaml]
2026-07-09T21:13:17.365+08:00 DEBUG 6128 --- [o-auto-1-exec-6] o.s.w.s.m.m.a.HttpEntityMethodProcessor  : Writing [LoginResponse[amToken=eyJhbGciOiJIUzI1NiJ9.eyJzdWIiOiIzMzMzMzMzMzMzIiwiaWF0IjoxNzgzNjAyNzk3LCJwIjoiO (truncated)...]
2026-07-09T21:13:17.367+08:00 DEBUG 6128 --- [o-auto-1-exec-6] o.s.web.servlet.DispatcherServlet        : Completed 200 OK
2026-07-09T21:13:17.368+08:00 DEBUG 6128 --- [tor-http-nio-10] o.s.w.r.f.client.ExchangeFunctions       : [22b0c1cf] [e48c1af6-1] Response 200 OK
2026-07-09T21:13:17.370+08:00 DEBUG 6128 --- [tor-http-nio-10] org.springframework.web.HttpLogging      : [22b0c1cf] [e48c1af6-1] Decoded [{amToken=eyJhbGciOiJIUzI1NiJ9.eyJzdWIiOiIzMzMzMzMzMzMzIiwiaWF0IjoxNzgzNjAyNzk3LCJwIjoiOWI4NzY5YTRhNz (truncated)...]
2026-07-09T21:13:17.372+08:00 DEBUG 6128 --- [           main] o.s.w.r.f.client.ExchangeFunctions       : [579a6e64] HTTP POST http://localhost:4767/api/roles
2026-07-09T21:13:17.374+08:00 DEBUG 6128 --- [tor-http-nio-10] org.springframework.web.HttpLogging      : [579a6e64] Encoding [{roleName=Admin}]
2026-07-09T21:13:17.378+08:00 DEBUG 6128 --- [o-auto-1-exec-7] o.s.web.servlet.DispatcherServlet        : POST "/api/roles", parameters={}
2026-07-09T21:13:17.378+08:00 DEBUG 6128 --- [o-auto-1-exec-7] s.w.s.m.m.a.RequestMappingHandlerMapping : Mapped to com.admire.cars.runner.controller.AdsRoleController#create(AdsRole)
2026-07-09T21:13:17.388+08:00 DEBUG 6128 --- [o-auto-1-exec-7] m.m.a.RequestResponseBodyMethodProcessor : Read "application/json;charset=UTF-8" to [com.admire.cars.runner.entity.AdsRole@49ae702f]
2026-07-09T21:13:17.403+08:00 DEBUG 6128 --- [o-auto-1-exec-7] o.s.w.s.m.m.a.HttpEntityMethodProcessor  : Using 'application/json', given [*/*] and supported [application/json, application/*+json, application/yaml]
2026-07-09T21:13:17.404+08:00 DEBUG 6128 --- [o-auto-1-exec-7] o.s.w.s.m.m.a.HttpEntityMethodProcessor  : Writing [{data=com.admire.cars.runner.entity.AdsRole@49ae702f, success=true, id=1, message=ADS_ROLE created s (truncated)...]
2026-07-09T21:13:17.407+08:00 DEBUG 6128 --- [o-auto-1-exec-7] o.s.web.servlet.DispatcherServlet        : Completed 201 CREATED
2026-07-09T21:13:17.408+08:00 DEBUG 6128 --- [tor-http-nio-10] o.s.w.r.f.client.ExchangeFunctions       : [579a6e64] [e48c1af6-2] Response 201 CREATED
2026-07-09T21:13:17.410+08:00 DEBUG 6128 --- [tor-http-nio-10] org.springframework.web.HttpLogging      : [579a6e64] [e48c1af6-2] Decoded [{data={id=1, roleName=Admin}, success=true, id=1, message=ADS_ROLE created successfully}]
2026-07-09T21:13:17.410+08:00 DEBUG 6128 --- [           main] o.s.w.r.f.client.ExchangeFunctions       : [7e2f0c2e] HTTP POST http://localhost:4767/api/roles
2026-07-09T21:13:17.413+08:00 DEBUG 6128 --- [tor-http-nio-10] org.springframework.web.HttpLogging      : [7e2f0c2e] Encoding [{roleName=Matrix}]
2026-07-09T21:13:17.414+08:00 DEBUG 6128 --- [o-auto-1-exec-8] o.s.web.servlet.DispatcherServlet        : POST "/api/roles", parameters={}
2026-07-09T21:13:17.415+08:00 DEBUG 6128 --- [o-auto-1-exec-8] s.w.s.m.m.a.RequestMappingHandlerMapping : Mapped to com.admire.cars.runner.controller.AdsRoleController#create(AdsRole)
2026-07-09T21:13:17.422+08:00 DEBUG 6128 --- [o-auto-1-exec-8] m.m.a.RequestResponseBodyMethodProcessor : Read "application/json;charset=UTF-8" to [com.admire.cars.runner.entity.AdsRole@64f08b3c]
2026-07-09T21:13:17.428+08:00 DEBUG 6128 --- [o-auto-1-exec-8] o.s.w.s.m.m.a.HttpEntityMethodProcessor  : Using 'application/json', given [*/*] and supported [application/json, application/*+json, application/yaml]
2026-07-09T21:13:17.428+08:00 DEBUG 6128 --- [o-auto-1-exec-8] o.s.w.s.m.m.a.HttpEntityMethodProcessor  : Writing [{data=com.admire.cars.runner.entity.AdsRole@64f08b3c, success=true, id=2, message=ADS_ROLE created s (truncated)...]
2026-07-09T21:13:17.431+08:00 DEBUG 6128 --- [o-auto-1-exec-8] o.s.web.servlet.DispatcherServlet        : Completed 201 CREATED
2026-07-09T21:13:17.431+08:00 DEBUG 6128 --- [tor-http-nio-10] o.s.w.r.f.client.ExchangeFunctions       : [7e2f0c2e] [e48c1af6-3] Response 201 CREATED
2026-07-09T21:13:17.432+08:00 DEBUG 6128 --- [           main] o.s.w.r.f.client.ExchangeFunctions       : [5496cd02] HTTP GET http://localhost:4767/api/roles
2026-07-09T21:13:17.437+08:00 DEBUG 6128 --- [o-auto-1-exec-9] o.s.web.servlet.DispatcherServlet        : GET "/api/roles", parameters={}
2026-07-09T21:13:17.438+08:00 DEBUG 6128 --- [o-auto-1-exec-9] s.w.s.m.m.a.RequestMappingHandlerMapping : Mapped to com.admire.cars.runner.controller.AdsRoleController#getAll()
2026-07-09T21:13:17.450+08:00 DEBUG 6128 --- [o-auto-1-exec-9] o.s.w.s.m.m.a.HttpEntityMethodProcessor  : Using 'application/json', given [*/*] and supported [application/json, application/*+json, application/yaml]
2026-07-09T21:13:17.450+08:00 DEBUG 6128 --- [o-auto-1-exec-9] o.s.w.s.m.m.a.HttpEntityMethodProcessor  : Writing [[com.admire.cars.runner.entity.AdsRole@43c66de, com.admire.cars.runner.entity.AdsRole@72534c9a]]
2026-07-09T21:13:17.451+08:00 DEBUG 6128 --- [o-auto-1-exec-9] o.s.web.servlet.DispatcherServlet        : Completed 200 OK
2026-07-09T21:13:17.453+08:00 DEBUG 6128 --- [tor-http-nio-12] o.s.w.r.f.client.ExchangeFunctions       : [5496cd02] [37bd51cf-1] Response 200 OK
2026-07-09T21:13:17.454+08:00 DEBUG 6128 --- [tor-http-nio-12] org.springframework.web.HttpLogging      : [5496cd02] [37bd51cf-1] Read 58 bytes
2026-07-09T21:13:17.456+08:00 DEBUG 6128 --- [           main] o.s.w.r.f.client.ExchangeFunctions       : [700cc0e6] HTTP PUT http://localhost:4767/api/roles/1
2026-07-09T21:13:17.457+08:00 DEBUG 6128 --- [tor-http-nio-12] org.springframework.web.HttpLogging      : [700cc0e6] Encoding [{roleName=Normal}]
2026-07-09T21:13:17.460+08:00 DEBUG 6128 --- [-auto-1-exec-10] o.s.web.servlet.DispatcherServlet        : PUT "/api/roles/1", parameters={}
2026-07-09T21:13:17.461+08:00 DEBUG 6128 --- [-auto-1-exec-10] s.w.s.m.m.a.RequestMappingHandlerMapping : Mapped to com.admire.cars.runner.controller.AdsRoleController#update(Long, AdsRole)
2026-07-09T21:13:17.465+08:00 DEBUG 6128 --- [-auto-1-exec-10] m.m.a.RequestResponseBodyMethodProcessor : Read "application/json;charset=UTF-8" to [com.admire.cars.runner.entity.AdsRole@3e87bee5]
2026-07-09T21:13:17.481+08:00 DEBUG 6128 --- [-auto-1-exec-10] o.s.w.s.m.m.a.HttpEntityMethodProcessor  : Using 'application/json', given [*/*] and supported [application/json, application/*+json, application/yaml]
2026-07-09T21:13:17.481+08:00 DEBUG 6128 --- [-auto-1-exec-10] o.s.w.s.m.m.a.HttpEntityMethodProcessor  : Writing [{data=com.admire.cars.runner.entity.AdsRole@727a71e1, success=true, message=ADS_ROLE updated success (truncated)...]
2026-07-09T21:13:17.483+08:00 DEBUG 6128 --- [-auto-1-exec-10] o.s.web.servlet.DispatcherServlet        : Completed 200 OK
2026-07-09T21:13:17.483+08:00 DEBUG 6128 --- [tor-http-nio-12] o.s.w.r.f.client.ExchangeFunctions       : [700cc0e6] [37bd51cf-2] Response 200 OK
2026-07-09T21:13:17.485+08:00 DEBUG 6128 --- [tor-http-nio-12] org.springframework.web.HttpLogging      : [700cc0e6] [37bd51cf-2] Read 94 bytes
2026-07-09T21:13:17.487+08:00 DEBUG 6128 --- [           main] o.s.w.r.f.client.ExchangeFunctions       : [746169cd] HTTP DELETE http://localhost:4767/api/roles/1
2026-07-09T21:13:17.490+08:00 DEBUG 6128 --- [o-auto-1-exec-1] o.s.web.servlet.DispatcherServlet        : DELETE "/api/roles/1", parameters={}
2026-07-09T21:13:17.490+08:00 DEBUG 6128 --- [o-auto-1-exec-1] s.w.s.m.m.a.RequestMappingHandlerMapping : Mapped to com.admire.cars.runner.controller.AdsRoleController#delete(Long)
2026-07-09T21:13:17.500+08:00 DEBUG 6128 --- [o-auto-1-exec-1] o.s.w.s.m.m.a.HttpEntityMethodProcessor  : Using 'application/json', given [*/*] and supported [application/json, application/*+json, application/yaml]
2026-07-09T21:13:17.501+08:00 DEBUG 6128 --- [o-auto-1-exec-1] o.s.w.s.m.m.a.HttpEntityMethodProcessor  : Writing [{success=true, message=ADS_ROLE deleted successfully}]
2026-07-09T21:13:17.502+08:00 DEBUG 6128 --- [o-auto-1-exec-1] o.s.web.servlet.DispatcherServlet        : Completed 200 OK
2026-07-09T21:13:17.502+08:00 DEBUG 6128 --- [tor-http-nio-12] o.s.w.r.f.client.ExchangeFunctions       : [746169cd] [37bd51cf-3] Response 200 OK
2026-07-09T21:13:17.513+08:00 DEBUG 6128 --- [           main] o.s.w.r.f.client.ExchangeFunctions       : [10357889] HTTP POST http://localhost:4767/api/users/register
2026-07-09T21:13:17.518+08:00 DEBUG 6128 --- [ctor-http-nio-2] org.springframework.web.HttpLogging      : [10357889] Encoding [com.admire.cars.runner.entity.User@9a8d004]
2026-07-09T21:13:17.521+08:00 DEBUG 6128 --- [o-auto-1-exec-2] o.s.web.servlet.DispatcherServlet        : POST "/api/users/register", parameters={}
2026-07-09T21:13:17.522+08:00 DEBUG 6128 --- [o-auto-1-exec-2] s.w.s.m.m.a.RequestMappingHandlerMapping : Mapped to com.admire.cars.runner.controller.UserController#registerUser(UserRequest)
2026-07-09T21:13:17.524+08:00 DEBUG 6128 --- [o-auto-1-exec-2] m.m.a.RequestResponseBodyMethodProcessor : Read "application/json;charset=UTF-8" to [com.admire.cars.runner.controller.UserController$UserRequest@7a7a4b21]
2026-07-09T21:13:17.541+08:00 DEBUG 6128 --- [o-auto-1-exec-2] o.s.w.s.m.m.a.HttpEntityMethodProcessor  : Using 'application/json', given [*/*] and supported [application/json, application/*+json, application/yaml]
2026-07-09T21:13:17.541+08:00 DEBUG 6128 --- [o-auto-1-exec-2] o.s.w.s.m.m.a.HttpEntityMethodProcessor  : Writing [{apiKey=9876543210, success=true, message=User registered successfully, userName=phoneuser, userId=1 (truncated)...]
2026-07-09T21:13:17.543+08:00 DEBUG 6128 --- [o-auto-1-exec-2] o.s.web.servlet.DispatcherServlet        : Completed 201 CREATED
2026-07-09T21:13:17.543+08:00 DEBUG 6128 --- [ctor-http-nio-2] o.s.w.r.f.client.ExchangeFunctions       : [10357889] [ceb3c85e-1] Response 201 CREATED
2026-07-09T21:13:17.544+08:00 DEBUG 6128 --- [           main] o.s.w.r.f.client.ExchangeFunctions       : [6288199] HTTP POST http://localhost:4767/api/auth/login
2026-07-09T21:13:17.547+08:00 DEBUG 6128 --- [ctor-http-nio-4] org.springframework.web.HttpLogging      : [6288199] Encoding [{password=phonepass, username=9876543210}]
2026-07-09T21:13:17.549+08:00 DEBUG 6128 --- [o-auto-1-exec-3] o.s.web.servlet.DispatcherServlet        : POST "/api/auth/login", parameters={}
2026-07-09T21:13:17.550+08:00 DEBUG 6128 --- [o-auto-1-exec-3] s.w.s.m.m.a.RequestMappingHandlerMapping : Mapped to com.admire.cars.runner.controller.AuthController#login(LoginRequest)
2026-07-09T21:13:17.551+08:00 DEBUG 6128 --- [o-auto-1-exec-3] m.m.a.RequestResponseBodyMethodProcessor : Read "application/json;charset=UTF-8" to [com.admire.cars.runner.controller.AuthController$LoginRequest@3dd969a2]
2026-07-09T21:13:17.562+08:00 DEBUG 6128 --- [o-auto-1-exec-3] o.s.w.s.m.m.a.HttpEntityMethodProcessor  : Using 'application/json', given [*/*] and supported [application/json, application/*+json, application/yaml]
2026-07-09T21:13:17.562+08:00 DEBUG 6128 --- [o-auto-1-exec-3] o.s.w.s.m.m.a.HttpEntityMethodProcessor  : Writing [LoginResponse[amToken=eyJhbGciOiJIUzI1NiJ9.eyJzdWIiOiI5ODc2NTQzMjEwIiwiaWF0IjoxNzgzNjAyNzk3LCJwIjoiZ (truncated)...]
2026-07-09T21:13:17.564+08:00 DEBUG 6128 --- [o-auto-1-exec-3] o.s.web.servlet.DispatcherServlet        : Completed 200 OK
2026-07-09T21:13:17.564+08:00 DEBUG 6128 --- [ctor-http-nio-4] o.s.w.r.f.client.ExchangeFunctions       : [6288199] [912e2e64-1] Response 200 OK
2026-07-09T21:13:17.566+08:00 DEBUG 6128 --- [ctor-http-nio-4] org.springframework.web.HttpLogging      : [6288199] [912e2e64-1] Decoded [{amToken=eyJhbGciOiJIUzI1NiJ9.eyJzdWIiOiI5ODc2NTQzMjEwIiwiaWF0IjoxNzgzNjAyNzk3LCJwIjoiZWY3ZTI0MTRmY2 (truncated)...]
2026-07-09T21:13:17.568+08:00 DEBUG 6128 --- [           main] o.s.w.r.f.client.ExchangeFunctions       : [79f8af90] HTTP GET http://localhost:4767/api/secure/ping
2026-07-09T21:13:17.571+08:00 DEBUG 6128 --- [o-auto-1-exec-4] o.s.web.servlet.DispatcherServlet        : GET "/api/secure/ping", parameters={}
2026-07-09T21:13:17.571+08:00 DEBUG 6128 --- [o-auto-1-exec-4] s.w.s.m.m.a.RequestMappingHandlerMapping : Mapped to com.admire.cars.runner.controller.SecureController#ping(HttpServletRequest)
2026-07-09T21:13:17.578+08:00 DEBUG 6128 --- [o-auto-1-exec-4] o.s.w.s.m.m.a.HttpEntityMethodProcessor  : Using 'application/json', given [*/*] and supported [application/json, application/*+json, application/yaml]
2026-07-09T21:13:17.578+08:00 DEBUG 6128 --- [o-auto-1-exec-4] o.s.w.s.m.m.a.HttpEntityMethodProcessor  : Writing [{ok=true, message=Authenticated access successful, userId=13}]
2026-07-09T21:13:17.579+08:00 DEBUG 6128 --- [o-auto-1-exec-4] o.s.web.servlet.DispatcherServlet        : Completed 200 OK
2026-07-09T21:13:17.580+08:00 DEBUG 6128 --- [ctor-http-nio-4] o.s.w.r.f.client.ExchangeFunctions       : [79f8af90] [912e2e64-2] Response 200 OK
2026-07-09T21:13:17.580+08:00 DEBUG 6128 --- [           main] o.s.w.r.f.client.ExchangeFunctions       : [41416c61] HTTP POST http://localhost:4767/api/auth/logout
2026-07-09T21:13:17.585+08:00 DEBUG 6128 --- [o-auto-1-exec-5] o.s.web.servlet.DispatcherServlet        : POST "/api/auth/logout", parameters={}
2026-07-09T21:13:17.586+08:00 DEBUG 6128 --- [o-auto-1-exec-5] s.w.s.m.m.a.RequestMappingHandlerMapping : Mapped to com.admire.cars.runner.controller.AuthController#logout(String, String)
2026-07-09T21:13:17.593+08:00 DEBUG 6128 --- [o-auto-1-exec-5] o.s.w.s.m.m.a.HttpEntityMethodProcessor  : Using 'application/json', given [*/*] and supported [application/json, application/*+json, application/yaml]
2026-07-09T21:13:17.593+08:00 DEBUG 6128 --- [o-auto-1-exec-5] o.s.w.s.m.m.a.HttpEntityMethodProcessor  : Nothing to write: null body
2026-07-09T21:13:17.593+08:00 DEBUG 6128 --- [o-auto-1-exec-5] o.s.web.servlet.DispatcherServlet        : Completed 200 OK
2026-07-09T21:13:17.595+08:00 DEBUG 6128 --- [ctor-http-nio-6] o.s.w.r.f.client.ExchangeFunctions       : [41416c61] [878af483-1] Response 200 OK
2026-07-09T21:13:17.596+08:00 DEBUG 6128 --- [           main] o.s.w.r.f.client.ExchangeFunctions       : [7a0ba5f0] HTTP GET http://localhost:4767/api/secure/ping
2026-07-09T21:13:17.599+08:00 DEBUG 6128 --- [o-auto-1-exec-6] o.s.web.servlet.DispatcherServlet        : GET "/api/secure/ping", parameters={}
2026-07-09T21:13:17.599+08:00 DEBUG 6128 --- [o-auto-1-exec-6] s.w.s.m.m.a.RequestMappingHandlerMapping : Mapped to com.admire.cars.runner.controller.SecureController#ping(HttpServletRequest)
2026-07-09T21:13:17.600+08:00 DEBUG 6128 --- [o-auto-1-exec-6] o.s.web.servlet.DispatcherServlet        : Completed 401 UNAUTHORIZED
2026-07-09T21:13:17.602+08:00 DEBUG 6128 --- [ctor-http-nio-6] o.s.w.r.f.client.ExchangeFunctions       : [7a0ba5f0] [878af483-2] Response 401 UNAUTHORIZED
