[INFO] Scanning for projects...
[INFO] 
[INFO] ---------------------< com.admire.cars:ads_runner >---------------------
[INFO] Building ads_runner 0.0.1-SNAPSHOT
[INFO]   from pom.xml
[INFO] --------------------------------[ jar ]---------------------------------
[INFO] 
[INFO] --- clean:3.5.0:clean (default-clean) @ ads_runner ---
[INFO] 
[INFO] --- resources:3.5.0:resources (default-resources) @ ads_runner ---
[INFO] Copying 1 resource from src\main\resources to target\classes
[INFO] Copying 5 resources from src\main\resources to target\classes
[INFO] 
[INFO] --- compiler:3.15.0:compile (default-compile) @ ads_runner ---
[INFO] Recompiling the module because of changed source code.
[INFO] Compiling 22 source files with javac [debug parameters release 17] to target\classes
[INFO] -------------------------------------------------------------
[ERROR] COMPILATION ERROR : 
[INFO] -------------------------------------------------------------
[ERROR] /C:/Users/Albert S Ai/Tech/resp/ads_runner/src/main/java/com/admire/cars/runner/repository/AdsUrlAudRepository.java:[10,21] com.admire.cars.runner.repository.AdsUrlAudRepository�е�findById(java.lang.Long)��org.springframework.data.repository.CrudRepository�е�findById(ID)��ͻ
  ��������java.util.List<com.admire.cars.runner.entity.AdsUrlAud>��java.util.Optional<com.admire.cars.runner.entity.AdsUrlAud>������
[INFO] 1 error
[INFO] -------------------------------------------------------------
[INFO] ------------------------------------------------------------------------
[INFO] BUILD FAILURE
[INFO] ------------------------------------------------------------------------
[INFO] Total time:  3.727 s
[INFO] Finished at: 2026-07-07T21:52:55+08:00
[INFO] ------------------------------------------------------------------------
[ERROR] Failed to execute goal org.apache.maven.plugins:maven-compiler-plugin:3.15.0:compile (default-compile) on project ads_runner: Compilation failure
[ERROR] /C:/Users/Albert S Ai/Tech/resp/ads_runner/src/main/java/com/admire/cars/runner/repository/AdsUrlAudRepository.java:[10,21] com.admire.cars.runner.repository.AdsUrlAudRepository�е�findById(java.lang.Long)��org.springframework.data.repository.CrudRepository�е�findById(ID)��ͻ
[ERROR]   ��������java.util.List<com.admire.cars.runner.entity.AdsUrlAud>��java.util.Optional<com.admire.cars.runner.entity.AdsUrlAud>������
[ERROR] 
[ERROR] -> [Help 1]
[ERROR] 
[ERROR] To see the full stack trace of the errors, re-run Maven with the -e switch.
[ERROR] Re-run Maven using the -X switch to enable full debug logging.
[ERROR] 
[ERROR] For more information about the errors and possible solutions, please read the following articles:
[ERROR] [Help 1] http://cwiki.apache.org/confluence/display/MAVEN/MojoFailureException
